 PhysXCooking_64

 Timestamp is 5f8e6a83 (Tue Oct 20 00:41:39 2020)

 Preferred load address is 0000000180000000

 Start         Length     Name                   Class
 0001:00000000 000003c0H .text$di                CODE
 0001:000003c0 0002eaf0H .text$mn                CODE
 0001:0002eeb0 00000036H .text$mn$00             CODE
 0001:0002eee6 00000092H .text$x                 CODE
 0002:00000000 000001c8H .idata$5                DATA
 0002:000001c8 00000028H .00cfg                  DATA
 0002:000001f0 00000008H .CRT$XCA                DATA
 0002:000001f8 000001e0H .CRT$XCU                DATA
 0002:000003d8 00000008H .CRT$XCZ                DATA
 0002:000003e0 00000008H .CRT$XIA                DATA
 0002:000003e8 00000008H .CRT$XIZ                DATA
 0002:000003f0 00000008H .CRT$XPA                DATA
 0002:000003f8 00000008H .CRT$XPZ                DATA
 0002:00000400 00000008H .CRT$XTA                DATA
 0002:00000408 00000008H .CRT$XTZ                DATA
 0002:00000410 00000000H .gehcont$y              DATA
 0002:00000410 00000000H .gfids$y                DATA
 0002:00000410 000022e8H .rdata                  DATA
 0002:000026f8 00000074H .rdata$r                DATA
 0002:0000276c 000003bcH .rdata$zzzdbg           DATA
 0002:00002b28 00000008H .rtc$IAA                DATA
 0002:00002b30 00000008H .rtc$IZZ                DATA
 0002:00002b38 00000008H .rtc$TAA                DATA
 0002:00002b40 00000008H .rtc$TZZ                DATA
 0002:00002b48 00003b90H .xdata                  DATA
 0002:000066d8 00000040H .didat$2                DATA
 0002:00006718 00000020H .didat$3                DATA
 0002:00006738 00000198H .didat$4                DATA
 0002:000068d0 000009c0H .didat$6                DATA
 0002:00007290 000001a0H .didat$7                DATA
 0002:00007430 00001d00H .edata                  DATA
 0002:00009130 00000078H .idata$2                DATA
 0002:000091a8 00000018H .idata$3                DATA
 0002:000091c0 000001c8H .idata$4                DATA
 0002:00009388 00000476H .idata$6                DATA
 0003:00000000 00000070H .data                   DATA
 0003:00000070 00000650H .data$r                 DATA
 0003:000006c0 000001a0H .didat$5                DATA
 0003:00000860 00000490H .bss                    DATA
 0004:00000000 000023d0H .pdata                  DATA
 0005:00000000 00002208H _RDATA                  DATA
 0006:00000000 000000a0H .rsrc$01                DATA
 0006:000000a0 000004b0H .rsrc$02                DATA

  Address         Publics by Value              Rva+Base               Lib:Object

 0000:00000000       __AbsoluteZero             0000000000000000     <absolute>
 0000:00000000       __hybrid_code_map_count    0000000000000000     <absolute>
 0000:00000000       __guard_eh_cont_count      0000000000000000     <absolute>
 0000:00000000       ___safe_se_handler_table   0000000000000000     <absolute>
 0000:00000000       __guard_iat_count          0000000000000000     <absolute>
 0000:00000000       __x64_code_ranges_to_entry_points 0000000000000000     <absolute>
 0000:00000000       __arm64x_redirection_metadata 0000000000000000     <absolute>
 0000:00000000       __dynamic_value_reloc_table 0000000000000000     <absolute>
 0000:00000000       __guard_iat_table          0000000000000000     <absolute>
 0000:00000000       __arm64x_redirection_metadata_count 0000000000000000     <absolute>
 0000:00000000       __guard_longjmp_count      0000000000000000     <absolute>
 0000:00000000       __arm64x_extra_rfe_table_size 0000000000000000     <absolute>
 0000:00000000       __volatile_metadata        0000000000000000     <absolute>
 0000:00000000       __x64_code_ranges_to_entry_points_count 0000000000000000     <absolute>
 0000:00000000       __guard_fids_table         0000000000000000     <absolute>
 0000:00000000       __guard_fids_count         0000000000000000     <absolute>
 0000:00000000       __guard_eh_cont_table      0000000000000000     <absolute>
 0000:00000000       __hybrid_code_map          0000000000000000     <absolute>
 0000:00000000       __arm64x_native_entrypoint 0000000000000000     <absolute>
 0000:00000000       __arm64x_extra_rfe_table   0000000000000000     <absolute>
 0000:00000000       ___safe_se_handler_count   0000000000000000     <absolute>
 0000:00000000       __enclave_config           0000000000000000     <absolute>
 0000:00000000       __hybrid_auxiliary_iat     0000000000000000     <absolute>
 0000:00000000       __guard_longjmp_table      0000000000000000     <absolute>
 0000:00000100       __guard_flags              0000000000000100     <absolute>
 0000:00000000       __ImageBase                0000000180000000     <linker-defined>
 0001:000003c0       ?ComputeNbBoundaryEdges@AdjTriangle@physx@@QEBAIXZ 00000001800013c0 f   Adjacencies.obj
 0001:00000410       ?ComputeNbNeighbors@AdjTriangle@physx@@QEBAIXZ 0000000180001410 f   Adjacencies.obj
 0001:00000460       ?HasNeighbor@AdjTriangle@physx@@QEBA_NIPEAI@Z 0000000180001460 f   Adjacencies.obj
 0001:000004d0       ?Flip@AdjTriangle@physx@@QEAAXXZ 00000001800014d0 f   Adjacencies.obj
 0001:000004f0       ??0Adjacencies@physx@@QEAA@XZ 00000001800014f0 f   Adjacencies.obj
 0001:00000510       ??1Adjacencies@physx@@QEAA@XZ 0000000180001510 f   Adjacencies.obj
 0001:00000580       ?Load@Adjacencies@physx@@QEAA_NAEAVPxInputStream@2@@Z 0000000180001580 f   Adjacencies.obj
 0001:00000660       ?ComputeNbBoundaryEdges@Adjacencies@physx@@QEBAIXZ 0000000180001660 f   Adjacencies.obj
 0001:000006e0       ?GetBoundaryVertices@Adjacencies@physx@@QEBA_NIPEA_NPEBU?$TriangleT@I@Gu@2@@Z 00000001800016e0 f   Adjacencies.obj
 0001:00000850       ?MakeLastRef@Adjacencies@physx@@QEAA_NAEAVAdjTriangle@2@IPEAU?$TriangleT@I@Gu@2@@Z 0000000180001850 f   Adjacencies.obj
 0001:00000aa0       ?AssignNewEdgeCode@Adjacencies@physx@@AEAAXIE@Z 0000000180001aa0 f   Adjacencies.obj
 0001:00000af0       ??0AdjacenciesBuilder@physx@@QEAA@XZ 0000000180001af0 f   Adjacencies.obj
 0001:00000b10       ??1AdjacenciesBuilder@physx@@QEAA@XZ 0000000180001b10 f   Adjacencies.obj
 0001:00000b20       ?Init@AdjacenciesBuilder@physx@@QEAA_NAEBUADJACENCIESCREATE@2@@Z 0000000180001b20 f   Adjacencies.obj
 0001:00000e90       ??$?_UV?$ReflectionAllocator@VAdjTriangle@physx@@@shdfnd@physx@@@UserAllocated@shdfnd@physx@@SAPEAX_KV?$ReflectionAllocator@VAdjTriangle@physx@@@12@PEBDH@Z 0000000180001e90 f i Adjacencies.obj
 0001:00000f30       ??0AdjEdge@@QEAA@XZ        0000000180001f30 f i Adjacencies.obj
 0001:00000f40       ??0AdjTriangle@physx@@QEAA@XZ 0000000180001f40 f i Adjacencies.obj
 0001:00000f50       ??0Allocator@shdfnd@physx@@QEAA@PEBD@Z 0000000180001f50 f i Adjacencies.obj
 0001:00000f60       ??0PxFoundation@physx@@QEAA@AEBV01@@Z 0000000180001f60 f i Adjacencies.obj
 0001:00000f70       ??0PxFoundation@physx@@QEAA@XZ 0000000180001f70 f i Adjacencies.obj
 0001:00000f80       ??1AdjEdge@@QEAA@XZ        0000000180001f80 f i Adjacencies.obj
 0001:00000f90       ??1AdjTriangle@physx@@QEAA@XZ 0000000180001f90 f i Adjacencies.obj
 0001:00000fa0       ??1PxFoundation@physx@@MEAA@XZ 0000000180001fa0 f i Adjacencies.obj
 0001:00000fb0       ??4Allocator@shdfnd@physx@@QEAAAEAV012@$$QEAV012@@Z 0000000180001fb0 f i Adjacencies.obj
 0001:00000fc0       ??4Allocator@shdfnd@physx@@QEAAAEAV012@AEBV012@@Z 0000000180001fc0 f i Adjacencies.obj
 0001:00000fd0       ??4MutexImpl@shdfnd@physx@@QEAAAEAV012@AEBV012@@Z 0000000180001fd0 f i Adjacencies.obj
 0001:00000fe0       ??4PxFoundation@physx@@QEAAAEAV01@AEBV01@@Z 0000000180001fe0 f i Adjacencies.obj
 0001:00000ff0       ??_EAdjEdge@@QEAAPEAXI@Z   0000000180001ff0 f i Adjacencies.obj
 0001:00001070       ??_EAdjTriangle@physx@@QEAAPEAXI@Z 0000000180002070 f i Adjacencies.obj
 0001:000010f0       ??_EPxFoundation@physx@@MEAAPEAXI@Z 00000001800020f0 f i Adjacencies.obj
 0001:00001180       ??_FAllocator@shdfnd@physx@@QEAAXXZ 0000000180002180 f i Adjacencies.obj
 0001:00001190       ??_GPxFoundation@physx@@MEAAPEAXI@Z 0000000180002190 f i Adjacencies.obj
 0001:000011c0       ??_H@YAXPEAX_K1P6APEAX0@Z@Z 00000001800021c0 f i Adjacencies.obj
 0001:00001210       ??_I@YAXPEAX_K1P6AX0@Z@Z   0000000180002210 f i Adjacencies.obj
 0001:000014d0       ?GetNbHits@RadixSort@Cm@physx@@QEBAIXZ 00000001800024d0 f i Adjacencies.obj
 0001:000014e0       ?GetNbTotalCalls@RadixSort@Cm@physx@@QEBAIXZ 00000001800024e0 f i Adjacencies.obj
 0001:000014f0       ?GetRanks@RadixSort@Cm@physx@@QEBAPEBIXZ 00000001800024f0 f i Adjacencies.obj
 0001:00001500       ?GetRecyclable@RadixSort@Cm@physx@@QEBAPEAIXZ 0000000180002500 f i Adjacencies.obj
 0001:00001750       ?__empty_global_delete@@YAXPEAX@Z 0000000180002750 f i Adjacencies.obj
 0001:00001760       ?__empty_global_delete@@YAXPEAX_K@Z 0000000180002760 f i Adjacencies.obj
 0001:00001770       ?getAllocator@Foundation@shdfnd@physx@@QEAAAEAVPxAllocatorCallback@3@XZ 0000000180002770 f i Adjacencies.obj
 0001:00001780       ?getAllocatorCallback@Foundation@shdfnd@physx@@UEAAAEAVPxAllocatorCallback@3@XZ 0000000180002780 f i Adjacencies.obj
 0001:00001790       ?getErrorCallback@Foundation@shdfnd@physx@@UEAAAEAVPxErrorCallback@3@XZ 0000000180002790 f i Adjacencies.obj
 0001:000017a0       ?getErrorLevel@Foundation@shdfnd@physx@@UEBA?AW4Enum@PxErrorCode@3@XZ 00000001800027a0 f i Adjacencies.obj
 0001:000017b0       ?getInternalErrorCallback@Foundation@shdfnd@physx@@QEAAAEAVPxErrorCallback@3@XZ 00000001800027b0 f i Adjacencies.obj
 0001:000017c0       ?getNamedAllocMap@Foundation@shdfnd@physx@@QEAAAEAV?$HashMap@PEBVNamedAllocator@shdfnd@physx@@PEBDU?$Hash@PEBVNamedAllocator@shdfnd@physx@@@23@VNonTrackingAllocator@23@@23@XZ 00000001800027c0 f i Adjacencies.obj
 0001:000017d0       ?getNamedAllocMutex@Foundation@shdfnd@physx@@QEAAAEAV?$MutexT@VAllocator@shdfnd@physx@@@23@XZ 00000001800027d0 f i Adjacencies.obj
 0001:000017e0       ?getReportAllocationNames@Foundation@shdfnd@physx@@UEBA_NXZ 00000001800027e0 f i Adjacencies.obj
 0001:000017f0       ?getTempAllocFreeTable@Foundation@shdfnd@physx@@QEAAAEAV?$Array@PEATTempAllocatorChunk@shdfnd@physx@@VAllocator@23@@23@XZ 00000001800027f0 f i Adjacencies.obj
 0001:00001800       ?getTempAllocMutex@Foundation@shdfnd@physx@@QEAAAEAV?$MutexT@VAllocator@shdfnd@physx@@@23@XZ 0000000180002800 f i Adjacencies.obj
 0001:00001810       ?invalidateRanks@RadixSort@Cm@physx@@QEAAXXZ 0000000180002810 f i Adjacencies.obj
 0001:00001820       ?setErrorLevel@Foundation@shdfnd@physx@@UEAAXW4Enum@PxErrorCode@3@@Z 0000000180002820 f i Adjacencies.obj
 0001:00001830       ?setReportAllocationNames@Foundation@shdfnd@physx@@UEAAX_N@Z 0000000180002830 f i Adjacencies.obj
 0001:00001840       PxCreateCooking            0000000180002840 f   Cooking.obj
 0001:00001930       ?release@Cooking@physx@@UEAAXXZ 0000000180002930 f   Cooking.obj
 0001:00001960       ?setParams@Cooking@physx@@UEAAXAEBUPxCookingParams@2@@Z 0000000180002960 f   Cooking.obj
 0001:000019c0       ?getParams@Cooking@physx@@UEBAAEBUPxCookingParams@2@XZ 00000001800029c0 f   Cooking.obj
 0001:000019d0       ?platformMismatch@Cooking@physx@@UEBA_NXZ 00000001800029d0 f   Cooking.obj
 0001:000019e0       ?cookTriangleMesh@Cooking@physx@@UEBA_NAEBVPxTriangleMeshDesc@2@AEAVPxOutputStream@2@PEAW4Enum@PxTriangleMeshCookingResult@2@@Z 00000001800029e0 f   Cooking.obj
 0001:00001b20       ?createTriangleMesh@Cooking@physx@@UEBAPEAVPxTriangleMesh@2@AEBVPxTriangleMeshDesc@2@AEAVPxPhysicsInsertionCallback@2@PEAW4Enum@PxTriangleMeshCookingResult@2@@Z 0000000180002b20 f   Cooking.obj
 0001:00001c80       ?validateTriangleMesh@Cooking@physx@@UEBA_NAEBVPxTriangleMeshDesc@2@@Z 0000000180002c80 f   Cooking.obj
 0001:00001d90       ?cookConvexMesh@Cooking@physx@@UEBA_NAEBVPxConvexMeshDesc@2@AEAVPxOutputStream@2@PEAW4Enum@PxConvexMeshCookingResult@2@@Z 0000000180002d90 f   Cooking.obj
 0001:00001f80       ?createConvexMesh@Cooking@physx@@UEBAPEAVPxConvexMesh@2@AEBVPxConvexMeshDesc@2@AEAVPxPhysicsInsertionCallback@2@PEAW4Enum@PxConvexMeshCookingResult@2@@Z 0000000180002f80 f   Cooking.obj
 0001:00002180       ?validateConvexMesh@Cooking@physx@@UEBA_NAEBVPxConvexMeshDesc@2@@Z 0000000180003180 f   Cooking.obj
 0001:000021f0       ?computeHullPolygons@Cooking@physx@@UEBA_NAEBVPxSimpleTriangleMesh@2@AEAVPxAllocatorCallback@2@AEAIAEAPEAVPxVec3@2@2AEAPEAI2AEAPEAUPxHullPolygon@2@@Z 00000001800031f0 f   Cooking.obj
 0001:000023d0       ?cookHeightField@Cooking@physx@@UEBA_NAEBVPxHeightFieldDesc@2@AEAVPxOutputStream@2@@Z 00000001800033d0 f   Cooking.obj
 0001:000024b0       ?createHeightField@Cooking@physx@@UEBAPEAVPxHeightField@2@AEBVPxHeightFieldDesc@2@AEAVPxPhysicsInsertionCallback@2@@Z 00000001800034b0 f   Cooking.obj
 0001:00002610       ?cookBVHStructure@Cooking@physx@@UEBA_NAEBVPxBVHStructureDesc@2@AEAVPxOutputStream@2@@Z 0000000180003610 f   Cooking.obj
 0001:000026c0       ?createBVHStructure@Cooking@physx@@UEBAPEAVPxBVHStructure@2@AEBVPxBVHStructureDesc@2@AEAVPxPhysicsInsertionCallback@2@@Z 00000001800036c0 f   Cooking.obj
 0001:00002770       ?cookConvexMeshInternal@Cooking@physx@@AEBA_NAEBVPxConvexMeshDesc@2@AEAVConvexMeshBuilder@2@PEAVConvexHullLib@2@PEAW4Enum@PxConvexMeshCookingResult@2@@Z 0000000180003770 f   Cooking.obj
 0001:000029e0       ?cookTriangleMesh@Cooking@physx@@AEBA_NAEAVTriangleMeshBuilder@2@AEBVPxTriangleMeshDesc@2@AEAVPxOutputStream@2@PEAW4Enum@PxTriangleMeshCookingResult@2@@Z 00000001800039e0 f   Cooking.obj
 0001:00002a80       ?createTriangleMesh@Cooking@physx@@AEBAPEAVPxTriangleMesh@2@AEAVTriangleMeshBuilder@2@AEBVPxTriangleMeshDesc@2@AEAVPxPhysicsInsertionCallback@2@PEAW4Enum@PxTriangleMeshCookingResult@2@@Z 0000000180003a80 f   Cooking.obj
 0001:00002b30       ??0DebugText@Cm@physx@@QEAA@$$QEAU012@@Z 0000000180003b30 f i Cooking.obj
 0001:00002c10       ??0DebugText@Cm@physx@@QEAA@AEBU012@@Z 0000000180003c10 f i Cooking.obj
 0001:00002cf0       ??0HeightFieldData@Gu@physx@@QEAA@$$QEAU012@@Z 0000000180003cf0 f i Cooking.obj
 0001:00002d50       ??0HeightFieldData@Gu@physx@@QEAA@AEBU012@@Z 0000000180003d50 f i Cooking.obj
 0001:00002db0       ??0HeightFieldData@Gu@physx@@QEAA@W4PxEMPTY@2@@Z 0000000180003db0 f i Cooking.obj
 0001:00002dc0       ??0HeightFieldData@Gu@physx@@QEAA@XZ 0000000180003dc0 f i Cooking.obj
 0001:00002dd0       ??0RenderOutput@Cm@physx@@QEAA@AEAVRenderBuffer@12@@Z 0000000180003dd0 f i Cooking.obj
 0001:00002e20       ??0RenderOutput@Cm@physx@@QEAA@AEBV012@@Z 0000000180003e20 f i Cooking.obj
 0001:00002ec0       ??1HeightFieldData@Gu@physx@@QEAA@XZ 0000000180003ec0 f i Cooking.obj
 0001:00002ed0       ??1PxBase@physx@@MEAA@XZ   0000000180003ed0 f i Cooking.obj
 0001:00002ee0       ??1PxConvexMesh@physx@@MEAA@XZ 0000000180003ee0 f i Cooking.obj
 0001:00002ef0       ??1PxCooking@physx@@MEAA@XZ 0000000180003ef0 f i Cooking.obj
 0001:00002f00       ??1PxHeightField@physx@@MEAA@XZ 0000000180003f00 f i Cooking.obj
 0001:00002f10       ??4DebugText@Cm@physx@@QEAAAEAU012@$$QEAU012@@Z 0000000180003f10 f i Cooking.obj
 0001:00003040       ??4DebugText@Cm@physx@@QEAAAEAU012@AEBU012@@Z 0000000180004040 f i Cooking.obj
 0001:00003170       ??4FPUGuard@shdfnd@physx@@QEAAAEAV012@AEBV012@@Z 0000000180004170 f i Cooking.obj
 0001:00003190       ??4HeightFieldData@Gu@physx@@QEAAAEAU012@$$QEAU012@@Z 0000000180004190 f i Cooking.obj
 0001:000031f0       ??4HeightFieldData@Gu@physx@@QEAAAEAU012@AEBU012@@Z 00000001800041f0 f i Cooking.obj
 0001:00003250       ??_GCooking@physx@@UEAAPEAXI@Z 0000000180004250 f i Cooking.obj
 0001:00003250       ??_ECooking@physx@@UEAAPEAXI@Z 0000000180004250 f i Cooking.obj
 0001:000032a0       ??_EPxBase@physx@@MEAAPEAXI@Z 00000001800042a0 f i Cooking.obj
 0001:000032a0       ??_GPxBase@physx@@MEAAPEAXI@Z 00000001800042a0 f i Cooking.obj
 0001:000032d0       ??_GPxCooking@physx@@MEAAPEAXI@Z 00000001800042d0 f i Cooking.obj
 0001:000032d0       ??_EPxCooking@physx@@MEAAPEAXI@Z 00000001800042d0 f i Cooking.obj
 0001:00003300       ?allocate@?$Array@UPxDebugLine@physx@@V?$ReflectionAllocator@UPxDebugLine@physx@@@shdfnd@2@@shdfnd@physx@@IEAAPEAUPxDebugLine@3@I@Z 0000000180004300 f i Cooking.obj
 0001:000033a0       ?copy@?$Array@UPxDebugLine@physx@@V?$ReflectionAllocator@UPxDebugLine@physx@@@shdfnd@2@@shdfnd@physx@@KAXPEAUPxDebugLine@3@0PEBU43@@Z 00000001800043a0 f i Cooking.obj
 0001:00003550       ?getConcreteTypeName@PxConvexMesh@physx@@UEBAPEBDXZ 0000000180004550 f i Cooking.obj
 0001:00003560       ?getConcreteTypeName@PxHeightField@physx@@UEBAPEBDXZ 0000000180004560 f i Cooking.obj
 0001:00003570       ?getConvexEdgeThreshold@HeightField@Gu@physx@@UEBAMXZ 0000000180004570 f i Cooking.obj
 0001:00003580       ?getFlags@HeightField@Gu@physx@@UEBA?AV?$PxFlags@W4Enum@PxHeightFieldFlag@physx@@G@3@XZ 0000000180004580 f i Cooking.obj
 0001:00003590       ?getFormat@HeightField@Gu@physx@@UEBA?AW4Enum@PxHeightFieldFormat@3@XZ 0000000180004590 f i Cooking.obj
 0001:000035a0       ?getHeight@HeightField@Gu@physx@@UEBAMMM@Z 00000001800045a0 f i Cooking.obj
 0001:000035e0       ?getHeightInternal2@HeightField@Gu@physx@@QEBAMIMM@Z 00000001800045e0 f i Cooking.obj
 0001:00003750       ?getIndexBuffer@ConvexMesh@Gu@physx@@UEBAPEBEXZ 0000000180004750 f i Cooking.obj
 0001:00003790       ?getNbColumns@HeightField@Gu@physx@@UEBAIXZ 0000000180004790 f i Cooking.obj
 0001:000037a0       ?getNbPolygons@ConvexMesh@Gu@physx@@UEBAIXZ 00000001800047a0 f i Cooking.obj
 0001:000037b0       ?getNbRows@HeightField@Gu@physx@@UEBAIXZ 00000001800047b0 f i Cooking.obj
 0001:000037c0       ?getNbVertices@ConvexMesh@Gu@physx@@UEBAIXZ 00000001800047c0 f i Cooking.obj
 0001:000037d0       ?getPaddedBounds@HeightFieldData@Gu@physx@@QEBAAEBVCenterExtentsPadded@23@XZ 00000001800047d0 f i Cooking.obj
 0001:000037e0       ?getSample@HeightField@Gu@physx@@UEBAAEBUPxHeightFieldSample@3@II@Z 00000001800047e0 f i Cooking.obj
 0001:000037f0       ?getSampleStride@HeightField@Gu@physx@@UEBAIXZ 00000001800047f0 f i Cooking.obj
 0001:00003800       ?getTimestamp@HeightField@Gu@physx@@UEBAIXZ 0000000180004800 f i Cooking.obj
 0001:00003810       ?getTriangleMaterialIndex@HeightField@Gu@physx@@UEBAGI@Z 0000000180004810 f i Cooking.obj
 0001:00003840       ?getTriangleNormal@HeightField@Gu@physx@@UEBA?AVPxVec3@3@I@Z 0000000180004840 f i Cooking.obj
 0001:00003940       ?getVertices@ConvexMesh@Gu@physx@@UEBAPEBVPxVec3@3@XZ 0000000180004940 f i Cooking.obj
 0001:00003960       ?isKindOf@PxBase@physx@@MEBA_NPEBD@Z 0000000180004960 f i Cooking.obj
 0001:00003990       ?isKindOf@PxConvexMesh@physx@@MEBA_NPEBD@Z 0000000180004990 f i Cooking.obj
 0001:000039e0       ?isKindOf@PxHeightField@physx@@MEBA_NPEBD@Z 00000001800049e0 f i Cooking.obj
 0001:00003a30       ?isReleasable@PxBase@physx@@UEBA_NXZ 0000000180004a30 f i Cooking.obj
 0001:00003a40       ?outputSegment@RenderOutput@Cm@physx@@QEAAXAEBVPxVec3@3@0@Z 0000000180004a40 f i Cooking.obj
 0001:00003b00       ?preExportDataReset@ConvexMesh@Gu@physx@@QEAAXXZ 0000000180004b00 f i Cooking.obj
 0001:00003b10       ?preExportDataReset@HeightField@Gu@physx@@QEAAXXZ 0000000180004b10 f i Cooking.obj
 0001:00003b20       ?recreate@?$Array@UPxDebugLine@physx@@V?$ReflectionAllocator@UPxDebugLine@physx@@@shdfnd@2@@shdfnd@physx@@IEAAXI@Z 0000000180004b20 f i Cooking.obj
 0001:00003bb0       ?reserveSegments@RenderOutput@Cm@physx@@QEAAPEAUPxDebugLine@3@I@Z 0000000180004bb0 f i Cooking.obj
 0001:00003c20       ??0ReducedVertexCloud@physx@@QEAA@PEBVPxVec3@1@I@Z 0000000180004c20 f   CookingUtils.obj
 0001:00003c40       ??1ReducedVertexCloud@physx@@QEAA@XZ 0000000180004c40 f   CookingUtils.obj
 0001:00003c50       ?Clean@ReducedVertexCloud@physx@@QEAAAEAV12@XZ 0000000180004c50 f   CookingUtils.obj
 0001:00003cc0       ?Reduce@ReducedVertexCloud@physx@@QEAA_NPEAUREDUCEDCLOUD@2@@Z 0000000180004cc0 f   CookingUtils.obj
 0001:00003fe0       ??0EdgeList@Gu@physx@@QEAA@XZ 0000000180004fe0 f   EdgeList.obj
 0001:00004000       ??1EdgeList@Gu@physx@@QEAA@XZ 0000000180005000 f   EdgeList.obj
 0001:000040b0       ?load@EdgeList@Gu@physx@@QEAA_NAEAVPxInputStream@3@@Z 00000001800050b0 f   EdgeList.obj
 0001:000042a0       ??0EdgeListBuilder@Gu@physx@@QEAA@XZ 00000001800052a0 f   EdgeList.obj
 0001:000042c0       ??1EdgeListBuilder@Gu@physx@@QEAA@XZ 00000001800052c0 f   EdgeList.obj
 0001:000042d0       ?init@EdgeListBuilder@Gu@physx@@QEAA_NAEBUEDGELISTCREATE@23@@Z 00000001800052d0 f   EdgeList.obj
 0001:00004410       ?createFacesToEdges@EdgeListBuilder@Gu@physx@@AEAA_NIPEBIPEBG@Z 0000000180005410 f   EdgeList.obj
 0001:00004890       ?createEdgesToFaces@EdgeListBuilder@Gu@physx@@AEAA_NIPEBIPEBG@Z 0000000180005890 f   EdgeList.obj
 0001:00004af0       ?computeActiveEdges@EdgeListBuilder@Gu@physx@@AEAA_NIPEBIPEBGPEBVPxVec3@3@M@Z 0000000180005af0 f   EdgeList.obj
 0001:00006130       ??$?_UI@@YAPEAX_KV?$ReflectionAllocator@I@shdfnd@physx@@PEBDH@Z 0000000180007130 f i EdgeList.obj
 0001:000061d0       ??0PxVec3@physx@@QEAA@XZ   00000001800071d0 f i EdgeList.obj
 0001:000061e0       ??0MeshCleaner@physx@@QEAA@IPEBVPxVec3@1@IPEBIM@Z 00000001800071e0 f   MeshCleaner.obj
 0001:00006b80       ??1MeshCleaner@physx@@QEAA@XZ 0000000180007b80 f   MeshCleaner.obj
 0001:00006c10       ?createQuantizer@physx@@YAPEAVQuantizer@1@XZ 0000000180007c10 f   Quantizer.obj
 0001:00006cc0       ?kmeans_cluster3d@@YAIPEBVPxVec3@physx@@IIPEAV12@PEAIMM@Z 0000000180007cc0 f   Quantizer.obj
 0001:00006cd0       ??$kmeans_cluster@VPxVec3@physx@@M@@YAIPEBVPxVec3@physx@@IIPEAV01@PEAIMM@Z 0000000180007cd0 f i Quantizer.obj
 0001:000075f0       ??1Quantizer@physx@@MEAA@XZ 00000001800085f0 f i Quantizer.obj
 0001:00007600       ??1QuantizerImpl@@EEAA@XZ  0000000180008600 f i Quantizer.obj
 0001:00007680       ??_GQuantizer@physx@@MEAAPEAXI@Z 0000000180008680 f i Quantizer.obj
 0001:00007680       ??_EQuantizer@physx@@MEAAPEAXI@Z 0000000180008680 f i Quantizer.obj
 0001:000076b0       ??_GQuantizerImpl@@EEAAPEAXI@Z 00000001800086b0 f i Quantizer.obj
 0001:000076b0       ??_EQuantizerImpl@@EEAAPEAXI@Z 00000001800086b0 f i Quantizer.obj
 0001:00007780       ?getDenormalizeCenter@QuantizerImpl@@UEBAAEBVPxVec3@physx@@XZ 0000000180008780 f i Quantizer.obj
 0001:00007790       ?getDenormalizeScale@QuantizerImpl@@UEBAAEBVPxVec3@physx@@XZ 0000000180008790 f i Quantizer.obj
 0001:000077a0       ?growAndPushBack@?$Array@VPxVec3@physx@@V?$ReflectionAllocator@VPxVec3@physx@@@shdfnd@2@@shdfnd@physx@@IEAAAEAVPxVec3@3@AEBV43@@Z 00000001800087a0 f i Quantizer.obj
 0001:00007970       ?kmeansQuantize3D@QuantizerImpl@@UEAAPEBVPxVec3@physx@@IPEBV23@I_NIAEAI@Z 0000000180008970 f i Quantizer.obj
 0001:00007bd0       ?normalizeInput@QuantizerImpl@@AEAAXIPEBVPxVec3@physx@@I@Z 0000000180008bd0 f i Quantizer.obj
 0001:00008000       ?release@QuantizerImpl@@UEAAXXZ 0000000180009000 f i Quantizer.obj
 0001:00008020       ??0BVHStructureBuilder@physx@@QEAA@XZ 0000000180009020 f   BVHStructureBuilder.obj
 0001:00008040       ??1BVHStructureBuilder@physx@@QEAA@XZ 0000000180009040 f   BVHStructureBuilder.obj
 0001:000080d0       ?loadFromDesc@BVHStructureBuilder@physx@@QEAA_NAEBVPxBVHStructureDesc@2@@Z 00000001800090d0 f   BVHStructureBuilder.obj
 0001:00008460       ?save@BVHStructureBuilder@physx@@QEBA_NAEAVPxOutputStream@2@_N@Z 0000000180009460 f   BVHStructureBuilder.obj
 0001:000085f0       ?moveData@BVHStructureBuilder@physx@@QEAAXAEAUBVHStructureData@Gu@2@@Z 00000001800095f0 f   BVHStructureBuilder.obj
 0001:00008630       ?flatten@@YAXAEBVNodeAllocator@Gu@physx@@PEAUBVHNode@23@@Z 0000000180009630 f   BVHStructureBuilder.obj
 0001:000087e0       ??$copy@V?$ReflectionAllocator@USlab@NodeAllocator@Gu@physx@@@shdfnd@physx@@@?$Array@USlab@NodeAllocator@Gu@physx@@V?$ReflectionAllocator@USlab@NodeAllocator@Gu@physx@@@shdfnd@4@@shdfnd@physx@@IEAAXAEBV012@@Z 00000001800097e0 f i BVHStructureBuilder.obj
 0001:00008860       ??0AABBTreeBuildNode@Gu@physx@@QEAA@AEBV012@@Z 0000000180009860 f i BVHStructureBuilder.obj
 0001:000088a0       ??0AABBTreeBuildNode@Gu@physx@@QEAA@XZ 00000001800098a0 f i BVHStructureBuilder.obj
 0001:000088b0       ??0AABBTreeBuildParams@Gu@physx@@QEAA@IIPEBVPxBounds3@2@@Z 00000001800098b0 f i BVHStructureBuilder.obj
 0001:000088d0       ??0BuildStats@Gu@physx@@QEAA@XZ 00000001800098d0 f i BVHStructureBuilder.obj
 0001:000088e0       ??0NodeAllocator@Gu@physx@@QEAA@AEBV012@@Z 00000001800098e0 f i BVHStructureBuilder.obj
 0001:00008920       ??1AABBTreeBuildNode@Gu@physx@@QEAA@XZ 0000000180009920 f i BVHStructureBuilder.obj
 0001:00008930       ??1AABBTreeBuildParams@Gu@physx@@QEAA@XZ 0000000180009930 f i BVHStructureBuilder.obj
 0001:00008990       ??4AABBTreeBuildNode@Gu@physx@@QEAAAEAV012@AEBV012@@Z 0000000180009990 f i BVHStructureBuilder.obj
 0001:000089d0       ??4AABBTreeBuildParams@Gu@physx@@QEAAAEAV012@AEBV012@@Z 00000001800099d0 f i BVHStructureBuilder.obj
 0001:000089f0       ??4BuildStats@Gu@physx@@QEAAAEAU012@$$QEAU012@@Z 00000001800099f0 f i BVHStructureBuilder.obj
 0001:00008a00       ??4BuildStats@Gu@physx@@QEAAAEAU012@AEBU012@@Z 0000000180009a00 f i BVHStructureBuilder.obj
 0001:00008a10       ??4NodeAllocator@Gu@physx@@QEAAAEAV012@AEBV012@@Z 0000000180009a10 f i BVHStructureBuilder.obj
 0001:00008ac0       ??_FAABBTreeBuildParams@Gu@physx@@QEAAXXZ 0000000180009ac0 f i BVHStructureBuilder.obj
 0001:00008ae0       ?__global_array_delete@@YAXPEAX@Z 0000000180009ae0 f i BVHStructureBuilder.obj
 0001:00008af0       ?__global_array_delete@@YAXPEAX_K@Z 0000000180009af0 f i BVHStructureBuilder.obj
 0001:00008b00       ?__global_delete@@YAXPEAX@Z 0000000180009b00 f i BVHStructureBuilder.obj
 0001:00008b10       ?__global_delete@@YAXPEAX_K@Z 0000000180009b10 f i BVHStructureBuilder.obj
 0001:00008b20       ?allocate@?$Array@USlab@NodeAllocator@Gu@physx@@V?$ReflectionAllocator@USlab@NodeAllocator@Gu@physx@@@shdfnd@4@@shdfnd@physx@@IEAAPEAUSlab@NodeAllocator@Gu@3@I@Z 0000000180009b20 f i BVHStructureBuilder.obj
 0001:00008bc0       ?getAABB@AABBTreeBuildNode@Gu@physx@@QEBAAEBVPxBounds3@3@XZ 0000000180009bc0 f i BVHStructureBuilder.obj
 0001:00008bd0       ?getCount@BuildStats@Gu@physx@@QEBAIXZ 0000000180009bd0 f i BVHStructureBuilder.obj
 0001:00008be0       ?getNbPrimitives@AABBTreeBuildNode@Gu@physx@@QEBAIXZ 0000000180009be0 f i BVHStructureBuilder.obj
 0001:00008bf0       ?getNbRuntimePrimitives@AABBTreeBuildNode@Gu@physx@@QEBAIXZ 0000000180009bf0 f i BVHStructureBuilder.obj
 0001:00008c00       ?getNeg@AABBTreeBuildNode@Gu@physx@@QEBAPEBV123@XZ 0000000180009c00 f i BVHStructureBuilder.obj
 0001:00008c20       ?getPos@AABBTreeBuildNode@Gu@physx@@QEBAPEBV123@XZ 0000000180009c20 f i BVHStructureBuilder.obj
 0001:00008c30       ?getPrimitives@AABBTreeBuildNode@Gu@physx@@QEAAPEAIPEAI@Z 0000000180009c30 f i BVHStructureBuilder.obj
 0001:00008c40       ?getPrimitives@AABBTreeBuildNode@Gu@physx@@QEBAPEBIPEBI@Z 0000000180009c40 f i BVHStructureBuilder.obj
 0001:00008c50       ?increaseCount@BuildStats@Gu@physx@@QEAAXI@Z 0000000180009c50 f i BVHStructureBuilder.obj
 0001:00008c60       ?isLeaf@AABBTreeBuildNode@Gu@physx@@QEBA_NXZ 0000000180009c60 f i BVHStructureBuilder.obj
 0001:00008c70       ?recreate@?$Array@USlab@NodeAllocator@Gu@physx@@V?$ReflectionAllocator@USlab@NodeAllocator@Gu@physx@@@shdfnd@4@@shdfnd@physx@@IEAAXI@Z 0000000180009c70 f i BVHStructureBuilder.obj
 0001:00008d20       ?reset@AABBTreeBuildParams@Gu@physx@@QEAAXXZ 0000000180009d20 f i BVHStructureBuilder.obj
 0001:00008d80       ?reset@BuildStats@Gu@physx@@QEAAXXZ 0000000180009d80 f i BVHStructureBuilder.obj
 0001:00008d90       ?setCount@BuildStats@Gu@physx@@QEAAXI@Z 0000000180009d90 f i BVHStructureBuilder.obj
 0001:00008da0       ?setNbRunTimePrimitives@AABBTreeBuildNode@Gu@physx@@QEAAXI@Z 0000000180009da0 f i BVHStructureBuilder.obj
 0001:00008db0       ?saveHeightField@physx@@YA_NAEBVHeightField@Gu@1@AEAVPxOutputStream@1@_N@Z 0000000180009db0 f   HeightFieldCooking.obj
 0001:00008ff0       ?buildFromTriangles@RTreeCooker@physx@@SAXAEAURTree@Gu@2@PEBVPxVec3@2@IPEBGPEBIIAEAV?$Array@IV?$ReflectionAllocator@I@shdfnd@physx@@@shdfnd@2@PEAURemapCallback@12@MW4Enum@PxMeshCookingHint@2@@Z 0000000180009ff0 f   RTreeCooking.obj
 0001:00009290       ??$partition@UBoundsLTE@physx@@@quickSelect@physx@@YAIPEIAIIIIAEBUBoundsLTE@1@@Z 000000018000a290 f i RTreeCooking.obj
 0001:00009410       ??$quickSelectFirstK@UBoundsLTE@physx@@@quickSelect@physx@@YAXPEIAIIIIAEBUBoundsLTE@1@@Z 000000018000a410 f i RTreeCooking.obj
 0001:000095f0       ??$smallSort@I$$CBUSortBoundsPredicate@physx@@@internal@shdfnd@physx@@YAXPEAIHHAEBUSortBoundsPredicate@2@@Z 000000018000a5f0 f i RTreeCooking.obj
 0001:000098c0       ??$sort@I@shdfnd@physx@@YAXPEAII@Z 000000018000a8c0 f i RTreeCooking.obj
 0001:000098e0       ??$sort@IU?$Less@I@shdfnd@physx@@V?$ReflectionAllocator@I@23@@shdfnd@physx@@YAXPEAIIAEBU?$Less@I@01@AEBV?$ReflectionAllocator@I@01@I@Z 000000018000a8e0 f i RTreeCooking.obj
 0001:00009d30       ??$sort@IUSortBoundsPredicate@physx@@@shdfnd@physx@@YAXPEAIIAEBUSortBoundsPredicate@1@@Z 000000018000ad30 f i RTreeCooking.obj
 0001:00009d50       ??$sort@IUSortBoundsPredicate@physx@@V?$ReflectionAllocator@I@shdfnd@2@@shdfnd@physx@@YAXPEAIIAEBUSortBoundsPredicate@1@AEBV?$ReflectionAllocator@I@01@I@Z 000000018000ad50 f i RTreeCooking.obj
 0001:0000a250       ?allocate@?$Array@UInterval@physx@@V?$InlineAllocator@$0CAAA@V?$ReflectionAllocator@UInterval@physx@@@shdfnd@physx@@@shdfnd@2@@shdfnd@physx@@IEAAPEAUInterval@3@I@Z 000000018000b250 f i RTreeCooking.obj
 0001:0000a310       ?allocate@?$Array@UPxBounds3V@physx@@V?$ReflectionAllocator@UPxBounds3V@physx@@@shdfnd@2@@shdfnd@physx@@IEAAPEAUPxBounds3V@3@I@Z 000000018000b310 f i RTreeCooking.obj
 0001:0000a3b0       ?allocate@?$Array@URTreeNodeNQ@physx@@V?$ReflectionAllocator@URTreeNodeNQ@physx@@@shdfnd@2@@shdfnd@physx@@IEAAPEAURTreeNodeNQ@3@I@Z 000000018000b3b0 f i RTreeCooking.obj
 0001:0000a450       ?allocate@?$Array@URTreeNodeQ@Gu@physx@@V?$ReflectionAllocator@URTreeNodeQ@Gu@physx@@@shdfnd@3@@shdfnd@physx@@IEAAPEAURTreeNodeQ@Gu@3@I@Z 000000018000b450 f i RTreeCooking.obj
 0001:0000a4f0       ?allocate@?$Array@VPxVec3@physx@@V?$ReflectionAllocator@VPxVec3@physx@@@shdfnd@2@@shdfnd@physx@@IEAAPEAVPxVec3@3@I@Z 000000018000b4f0 f i RTreeCooking.obj
 0001:0000a590       ?allocate@?$ReflectionAllocator@I@shdfnd@physx@@QEAAPEAX_KPEBDH@Z 000000018000b590 f i RTreeCooking.obj
 0001:0000b260       ?copy@?$Array@URTreeNodeNQ@physx@@V?$ReflectionAllocator@URTreeNodeNQ@physx@@@shdfnd@2@@shdfnd@physx@@KAXPEAURTreeNodeNQ@3@0PEBU43@@Z 000000018000c260 f i RTreeCooking.obj
 0001:0000b420       ?copy@?$Array@VPxVec3@physx@@V?$ReflectionAllocator@VPxVec3@physx@@@shdfnd@2@@shdfnd@physx@@KAXPEAVPxVec3@3@0PEBV43@@Z 000000018000c420 f i RTreeCooking.obj
 0001:0000b4f0       ?growAndPushBack@?$Array@IV?$ReflectionAllocator@I@shdfnd@physx@@@shdfnd@physx@@IEAAAEAIAEBI@Z 000000018000c4f0 f i RTreeCooking.obj
 0001:0000b5c0       ?growAndPushBack@?$Array@UInterval@physx@@V?$InlineAllocator@$0CAAA@V?$ReflectionAllocator@UInterval@physx@@@shdfnd@physx@@@shdfnd@2@@shdfnd@physx@@IEAAAEAUInterval@3@AEBU43@@Z 000000018000c5c0 f i RTreeCooking.obj
 0001:0000b6a0       ?growAndPushBack@?$Array@UPxBounds3V@physx@@V?$ReflectionAllocator@UPxBounds3V@physx@@@shdfnd@2@@shdfnd@physx@@IEAAAEAUPxBounds3V@3@AEBU43@@Z 000000018000c6a0 f i RTreeCooking.obj
 0001:0000b770       ?growAndPushBack@?$Array@URTreeNodeNQ@physx@@V?$ReflectionAllocator@URTreeNodeNQ@physx@@@shdfnd@2@@shdfnd@physx@@IEAAAEAURTreeNodeNQ@3@AEBU43@@Z 000000018000c770 f i RTreeCooking.obj
 0001:0000b840       ?growAndPushBack@?$Array@URTreeNodeQ@Gu@physx@@V?$ReflectionAllocator@URTreeNodeQ@Gu@physx@@@shdfnd@3@@shdfnd@physx@@IEAAAEAURTreeNodeQ@Gu@3@AEBU453@@Z 000000018000c840 f i RTreeCooking.obj
 0001:0000b920       ?recreate@?$Array@IV?$ReflectionAllocator@I@shdfnd@physx@@@shdfnd@physx@@IEAAXI@Z 000000018000c920 f i RTreeCooking.obj
 0001:0000b9e0       ?recreate@?$Array@UPxBounds3V@physx@@V?$ReflectionAllocator@UPxBounds3V@physx@@@shdfnd@2@@shdfnd@physx@@IEAAXI@Z 000000018000c9e0 f i RTreeCooking.obj
 0001:0000ba90       ?recreate@?$Array@URTreeNodeNQ@physx@@V?$ReflectionAllocator@URTreeNodeNQ@physx@@@shdfnd@2@@shdfnd@physx@@IEAAXI@Z 000000018000ca90 f i RTreeCooking.obj
 0001:0000bb20       ?recreate@?$Array@URTreeNodeQ@Gu@physx@@V?$ReflectionAllocator@URTreeNodeQ@Gu@physx@@@shdfnd@3@@shdfnd@physx@@IEAAXI@Z 000000018000cb20 f i RTreeCooking.obj
 0001:0000bbe0       ?recreate@?$Array@VPxVec3@physx@@V?$ReflectionAllocator@VPxVec3@physx@@@shdfnd@2@@shdfnd@physx@@IEAAXI@Z 000000018000cbe0 f i RTreeCooking.obj
 0001:0000bc70       ?resize@?$Array@IV?$ReflectionAllocator@I@shdfnd@physx@@@shdfnd@physx@@QEAAXIAEBI@Z 000000018000cc70 f i RTreeCooking.obj
 0001:0000bd30       ?resizeUninitialized@?$Array@URTreeNodeNQ@physx@@V?$ReflectionAllocator@URTreeNodeNQ@physx@@@shdfnd@2@@shdfnd@physx@@QEAAXI@Z 000000018000cd30 f i RTreeCooking.obj
 0001:0000bd70       ?sort4@SubSortQuick@physx@@QEAAXPEIAIIAEAV?$Array@URTreeNodeNQ@physx@@V?$ReflectionAllocator@URTreeNodeNQ@physx@@@shdfnd@2@@shdfnd@2@AEAIAEAUPxBounds3V@2@I@Z 000000018000cd70 f i RTreeCooking.obj
 0001:0000c100       ?sort4@SubSortSAH@physx@@QEAAXPEAIIAEAV?$Array@URTreeNodeNQ@physx@@V?$ReflectionAllocator@URTreeNodeNQ@physx@@@shdfnd@2@@shdfnd@2@AEAIIPEAURTreeNodeNQ@2@@Z 000000018000d100 f i RTreeCooking.obj
 0001:0000c7d0       ?split@SubSortSAH@physx@@QEAAIPEAII@Z 000000018000d7d0 f i RTreeCooking.obj
 0001:0000cf00       ?computeLocalBounds@MeshBulider@physx@@IEAAXAEAVMeshDataBase@Gu@2@@Z 000000018000df00 f   MeshBuilder.obj
 0001:0000cf90       ??0TriangleMeshBuilder@physx@@QEAA@AEAVTriangleMeshData@Gu@1@AEBUPxCookingParams@1@@Z 000000018000df90 f   TriangleMeshBuilder.obj
 0001:0000cfc0       ??1TriangleMeshBuilder@physx@@UEAA@XZ 000000018000dfc0 f   TriangleMeshBuilder.obj
 0001:0000d030       ?cleanMesh@TriangleMeshBuilder@physx@@QEAA_N_NPEAW4Enum@PxTriangleMeshCookingResult@2@@Z 000000018000e030 f   TriangleMeshBuilder.obj
 0001:0000d530       ?remapTopology@TriangleMeshBuilder@physx@@QEAAXPEBI@Z 000000018000e530 f   TriangleMeshBuilder.obj
 0001:0000d830       ?createSharedEdgeData@TriangleMeshBuilder@physx@@QEAAX_N0@Z 000000018000e830 f   TriangleMeshBuilder.obj
 0001:0000dcf0       ?recordTriangleIndices@TriangleMeshBuilder@physx@@QEAAXXZ 000000018000ecf0 f   TriangleMeshBuilder.obj
 0001:0000ddf0       ?createGRBMidPhaseAndData@TriangleMeshBuilder@physx@@QEAAXI@Z 000000018000edf0 f   TriangleMeshBuilder.obj
 0001:0000e080       ?createGRBData@TriangleMeshBuilder@physx@@QEAAXXZ 000000018000f080 f   TriangleMeshBuilder.obj
 0001:0000e180       ?loadFromDesc@TriangleMeshBuilder@physx@@QEAA_NAEBVPxTriangleMeshDesc@2@PEAW4Enum@PxTriangleMeshCookingResult@2@_N@Z 000000018000f180 f   TriangleMeshBuilder.obj
 0001:0000e600       ?save@TriangleMeshBuilder@physx@@QEBA_NAEAVPxOutputStream@2@_NAEBUPxCookingParams@2@@Z 000000018000f600 f   TriangleMeshBuilder.obj
 0001:0000ebe0       ?checkMeshIndicesSize@TriangleMeshBuilder@physx@@QEAAXXZ 000000018000fbe0 f   TriangleMeshBuilder.obj
 0001:0000ecf0       ?importMesh@TriangleMeshBuilder@physx@@IEAA_NAEBVPxTriangleMeshDesc@2@AEBUPxCookingParams@2@PEAW4Enum@PxTriangleMeshCookingResult@2@_N@Z 000000018000fcf0 f   TriangleMeshBuilder.obj
 0001:0000f070       ?releaseEdgeList@TriangleMeshBuilder@physx@@IEAAXXZ 0000000180010070 f   TriangleMeshBuilder.obj
 0001:0000f0d0       ?createEdgeList@TriangleMeshBuilder@physx@@IEAAXXZ 00000001800100d0 f   TriangleMeshBuilder.obj
 0001:0000f1f0       ??0RTreeTriangleMeshBuilder@physx@@QEAA@AEBUPxCookingParams@1@@Z 00000001800101f0 f   TriangleMeshBuilder.obj
 0001:0000f2b0       ??1RTreeTriangleMeshBuilder@physx@@UEAA@XZ 00000001800102b0 f   TriangleMeshBuilder.obj
 0001:0000f2e0       ?createMidPhaseStructure@RTreeTriangleMeshBuilder@physx@@UEAAXXZ 00000001800102e0 f   TriangleMeshBuilder.obj
 0001:0000f3c0       ?saveMidPhaseStructure@RTreeTriangleMeshBuilder@physx@@UEBAXAEAVPxOutputStream@2@_N@Z 00000001800103c0 f   TriangleMeshBuilder.obj
 0001:0000f600       ??0BV4TriangleMeshBuilder@physx@@QEAA@AEBUPxCookingParams@1@@Z 0000000180010600 f   TriangleMeshBuilder.obj
 0001:0000f6d0       ??1BV4TriangleMeshBuilder@physx@@UEAA@XZ 00000001800106d0 f   TriangleMeshBuilder.obj
 0001:0000f730       ?createMidPhaseStructure@BV4TriangleMeshBuilder@physx@@UEAAXXZ 0000000180010730 f   TriangleMeshBuilder.obj
 0001:0000fa00       ?saveMidPhaseStructure@BV4TriangleMeshBuilder@physx@@UEBAXAEAVPxOutputStream@2@_N@Z 0000000180010a00 f   TriangleMeshBuilder.obj
 0001:0000fba0       ?onMeshIndexFormatChange@BV4TriangleMeshBuilder@physx@@UEAAXXZ 0000000180010ba0 f   TriangleMeshBuilder.obj
 0001:0000fbe0       ?createMidPhaseStructure@BV32TriangleMeshBuilder@physx@@SAXAEBUPxCookingParams@2@AEAVTriangleMeshData@Gu@2@AEAVBV32Tree@52@@Z 0000000180010be0 f   TriangleMeshBuilder.obj
 0001:0000fdc0       ?saveMidPhaseStructure@BV32TriangleMeshBuilder@physx@@SAXPEAVBV32Tree@Gu@2@AEAVPxOutputStream@2@_N@Z 0000000180010dc0 f   TriangleMeshBuilder.obj
 0001:0000ff60       ?findSharpVertices@GrbTrimeshCookerHelper@physx@@YAXAEAV?$Array@USortedNeighbor@GrbTrimeshCookerHelper@physx@@V?$ReflectionAllocator@USortedNeighbor@GrbTrimeshCookerHelper@physx@@@shdfnd@3@@shdfnd@2@AEAV?$Array@USharpEdgeRange@GrbTrimeshCookerHelper@physx@@V?$ReflectionAllocator@USharpEdgeRange@GrbTrimeshCookerHelper@physx@@@shdfnd@3@@42@PEBUuint3@2@PEBUuint4@2@II@Z 0000000180010f60 f   TriangleMeshBuilder.obj
 0001:00010300       ?buildVertexConnectionNew_p1@GrbTrimeshCookerHelper@physx@@YAIAEAV?$Array@USortedNeighbor@GrbTrimeshCookerHelper@physx@@V?$ReflectionAllocator@USortedNeighbor@GrbTrimeshCookerHelper@physx@@@shdfnd@3@@shdfnd@2@AEAV?$Array@USharpEdgeRange@GrbTrimeshCookerHelper@physx@@V?$ReflectionAllocator@USharpEdgeRange@GrbTrimeshCookerHelper@physx@@@shdfnd@3@@42@PEBUuint3@2@PEBUuint4@2@II@Z 0000000180011300 f   TriangleMeshBuilder.obj
 0001:00010490       ?buildVertexConnectionNew_p2@GrbTrimeshCookerHelper@physx@@YAXPEAI00AEAV?$Array@USortedNeighbor@GrbTrimeshCookerHelper@physx@@V?$ReflectionAllocator@USortedNeighbor@GrbTrimeshCookerHelper@physx@@@shdfnd@3@@shdfnd@2@AEAV?$Array@USharpEdgeRange@GrbTrimeshCookerHelper@physx@@V?$ReflectionAllocator@USharpEdgeRange@GrbTrimeshCookerHelper@physx@@@shdfnd@3@@42@I@Z 0000000180011490 f   TriangleMeshBuilder.obj
 0001:00010540       ??$?_UG@@YAPEAX_KV?$ReflectionAllocator@G@shdfnd@physx@@PEBDH@Z 0000000180011540 f i TriangleMeshBuilder.obj
 0001:000105e0       ??$median3@USortedNeighbor@GrbTrimeshCookerHelper@physx@@$$CBU?$Less@USortedNeighbor@GrbTrimeshCookerHelper@physx@@@shdfnd@3@@internal@shdfnd@physx@@YAXPEAUSortedNeighbor@GrbTrimeshCookerHelper@2@HHAEBU?$Less@USortedNeighbor@GrbTrimeshCookerHelper@physx@@@12@@Z 00000001800115e0 f i TriangleMeshBuilder.obj
 0001:00010710       ??$sort@UEdgeTriLookup@physx@@@shdfnd@physx@@YAXPEAUEdgeTriLookup@1@I@Z 0000000180011710 f i TriangleMeshBuilder.obj
 0001:00010730       ??$sort@UEdgeTriLookup@physx@@U?$Less@UEdgeTriLookup@physx@@@shdfnd@2@V?$ReflectionAllocator@UEdgeTriLookup@physx@@@42@@shdfnd@physx@@YAXPEAUEdgeTriLookup@1@IAEBU?$Less@UEdgeTriLookup@physx@@@01@AEBV?$ReflectionAllocator@UEdgeTriLookup@physx@@@01@I@Z 0000000180011730 f i TriangleMeshBuilder.obj
 0001:00010cb0       ??$sort@USortedNeighbor@GrbTrimeshCookerHelper@physx@@@shdfnd@physx@@YAXPEAUSortedNeighbor@GrbTrimeshCookerHelper@1@I@Z 0000000180011cb0 f i TriangleMeshBuilder.obj
 0001:00010cd0       ??$sort@USortedNeighbor@GrbTrimeshCookerHelper@physx@@U?$Less@USortedNeighbor@GrbTrimeshCookerHelper@physx@@@shdfnd@3@V?$ReflectionAllocator@USortedNeighbor@GrbTrimeshCookerHelper@physx@@@53@@shdfnd@physx@@YAXPEAUSortedNeighbor@GrbTrimeshCookerHelper@1@IAEBU?$Less@USortedNeighbor@GrbTrimeshCookerHelper@physx@@@01@AEBV?$ReflectionAllocator@USortedNeighbor@GrbTrimeshCookerHelper@physx@@@01@I@Z 0000000180011cd0 f i TriangleMeshBuilder.obj
 0001:000111d0       ??0PxVec4@physx@@QEAA@XZ   00000001800121d0 f i TriangleMeshBuilder.obj
 0001:000111e0       ??1BV4TriangleData@Gu@physx@@UEAA@XZ 00000001800121e0 f i TriangleMeshBuilder.obj
 0001:00011220       ??1MeshDataBase@Gu@physx@@UEAA@XZ 0000000180012220 f i TriangleMeshBuilder.obj
 0001:00011300       ??1RTreeTriangleData@Gu@physx@@UEAA@XZ 0000000180012300 f i TriangleMeshBuilder.obj
 0001:00011370       ??1RemapCallback@RTreeCooker@physx@@UEAA@XZ 0000000180012370 f i TriangleMeshBuilder.obj
 0001:00011380       ??1TriangleMeshData@Gu@physx@@UEAA@XZ 0000000180012380 f i TriangleMeshBuilder.obj
 0001:00011450       ??_EBV4TriangleData@Gu@physx@@UEAAPEAXI@Z 0000000180012450 f i TriangleMeshBuilder.obj
 0001:00011450       ??_GBV4TriangleData@Gu@physx@@UEAAPEAXI@Z 0000000180012450 f i TriangleMeshBuilder.obj
 0001:000114d0       ??_EBV4TriangleMeshBuilder@physx@@UEAAPEAXI@Z 00000001800124d0 f i TriangleMeshBuilder.obj
 0001:000114d0       ??_GBV4TriangleMeshBuilder@physx@@UEAAPEAXI@Z 00000001800124d0 f i TriangleMeshBuilder.obj
 0001:00011550       ??_GMeshDataBase@Gu@physx@@UEAAPEAXI@Z 0000000180012550 f i TriangleMeshBuilder.obj
 0001:00011550       ??_EMeshDataBase@Gu@physx@@UEAAPEAXI@Z 0000000180012550 f i TriangleMeshBuilder.obj
 0001:000115b0       ??_GRTreeCookerRemap@physx@@UEAAPEAXI@Z 00000001800125b0 f i TriangleMeshBuilder.obj
 0001:000115b0       ??_ERTreeCookerRemap@physx@@UEAAPEAXI@Z 00000001800125b0 f i TriangleMeshBuilder.obj
 0001:000115e0       ??_ERTreeTriangleData@Gu@physx@@UEAAPEAXI@Z 00000001800125e0 f i TriangleMeshBuilder.obj
 0001:000115e0       ??_GRTreeTriangleData@Gu@physx@@UEAAPEAXI@Z 00000001800125e0 f i TriangleMeshBuilder.obj
 0001:00011640       ??_ERTreeTriangleMeshBuilder@physx@@UEAAPEAXI@Z 0000000180012640 f i TriangleMeshBuilder.obj
 0001:00011640       ??_GRTreeTriangleMeshBuilder@physx@@UEAAPEAXI@Z 0000000180012640 f i TriangleMeshBuilder.obj
 0001:00011690       ??_GRemapCallback@RTreeCooker@physx@@UEAAPEAXI@Z 0000000180012690 f i TriangleMeshBuilder.obj
 0001:00011690       ??_ERemapCallback@RTreeCooker@physx@@UEAAPEAXI@Z 0000000180012690 f i TriangleMeshBuilder.obj
 0001:000116c0       ??_ETriangleMeshBuilder@physx@@UEAAPEAXI@Z 00000001800126c0 f i TriangleMeshBuilder.obj
 0001:000116c0       ??_GTriangleMeshBuilder@physx@@UEAAPEAXI@Z 00000001800126c0 f i TriangleMeshBuilder.obj
 0001:00011700       ??_ETriangleMeshData@Gu@physx@@UEAAPEAXI@Z 0000000180012700 f i TriangleMeshBuilder.obj
 0001:00011700       ??_GTriangleMeshData@Gu@physx@@UEAAPEAXI@Z 0000000180012700 f i TriangleMeshBuilder.obj
 0001:00011760       ?allocate@?$ReflectionAllocator@USortedNeighbor@GrbTrimeshCookerHelper@physx@@@shdfnd@physx@@QEAAPEAX_KPEBDH@Z 0000000180012760 f i TriangleMeshBuilder.obj
 0001:00011800       ?allocateTriangles@TriangleMeshData@Gu@physx@@QEAAPEAXI_NI@Z 0000000180012800 f i TriangleMeshBuilder.obj
 0001:000118e0       ?allocateVertices@MeshDataBase@Gu@physx@@QEAAPEAVPxVec3@3@I@Z 00000001800128e0 f i TriangleMeshBuilder.obj
 0001:00012010       ?getMidphaseID@BV4TriangleMeshBuilder@physx@@UEBA?AW4Enum@PxMeshMidPhase@2@XZ 0000000180013010 f i TriangleMeshBuilder.obj
 0001:00012020       ?getMidphaseID@RTreeTriangleMeshBuilder@physx@@UEBA?AW4Enum@PxMeshMidPhase@2@XZ 0000000180013020 f i TriangleMeshBuilder.obj
 0001:00012030       ?growAndPushBack@?$Array@USortedNeighbor@GrbTrimeshCookerHelper@physx@@V?$ReflectionAllocator@USortedNeighbor@GrbTrimeshCookerHelper@physx@@@shdfnd@3@@shdfnd@physx@@IEAAAEAUSortedNeighbor@GrbTrimeshCookerHelper@3@AEBU453@@Z 0000000180013030 f i TriangleMeshBuilder.obj
 0001:00012130       ?onMeshIndexFormatChange@TriangleMeshBuilder@physx@@UEAAXXZ 0000000180013130 f i TriangleMeshBuilder.obj
 0001:00012140       ?recreate@?$Array@USharpEdgeRange@GrbTrimeshCookerHelper@physx@@V?$ReflectionAllocator@USharpEdgeRange@GrbTrimeshCookerHelper@physx@@@shdfnd@3@@shdfnd@physx@@IEAAXI@Z 0000000180013140 f i TriangleMeshBuilder.obj
 0001:00012250       ?recreate@?$Array@USortedNeighbor@GrbTrimeshCookerHelper@physx@@V?$ReflectionAllocator@USortedNeighbor@GrbTrimeshCookerHelper@physx@@@shdfnd@3@@shdfnd@physx@@IEAAXI@Z 0000000180013250 f i TriangleMeshBuilder.obj
 0001:00012320       ?remap@RTreeCookerRemap@physx@@UEAAXPEAIII@Z 0000000180013320 f i TriangleMeshBuilder.obj
 0001:00012340       ?resize@?$Array@USharpEdgeRange@GrbTrimeshCookerHelper@physx@@V?$ReflectionAllocator@USharpEdgeRange@GrbTrimeshCookerHelper@physx@@@shdfnd@3@@shdfnd@physx@@QEAAXIAEBUSharpEdgeRange@GrbTrimeshCookerHelper@3@@Z 0000000180013340 f i TriangleMeshBuilder.obj
 0001:00012400       ?resizeUninitialized@?$Array@USortedNeighbor@GrbTrimeshCookerHelper@physx@@V?$ReflectionAllocator@USortedNeighbor@GrbTrimeshCookerHelper@physx@@@shdfnd@3@@shdfnd@physx@@QEAAXI@Z 0000000180013400 f i TriangleMeshBuilder.obj
 0001:00012440       ??0BigConvexDataBuilder@physx@@QEAA@PEBUConvexHullData@Gu@1@PEAVBigConvexData@1@PEBVPxVec3@1@@Z 0000000180013440 f   BigConvexDataBuilder.obj
 0001:00012460       ??1BigConvexDataBuilder@physx@@QEAA@XZ 0000000180013460 f   BigConvexDataBuilder.obj
 0001:00012470       ?precompute@BigConvexDataBuilder@physx@@QEAA_NI@Z 0000000180013470 f   BigConvexDataBuilder.obj
 0001:000130c0       ?initialize@BigConvexDataBuilder@physx@@QEAA_NXZ 00000001800140c0 f   BigConvexDataBuilder.obj
 0001:00013170       ?save@BigConvexDataBuilder@physx@@QEBA_NAEAVPxOutputStream@2@_N@Z 0000000180014170 f   BigConvexDataBuilder.obj
 0001:000133b0       ?computeValencies@BigConvexDataBuilder@physx@@QEAA_NAEBVConvexHullBuilder@2@@Z 00000001800143b0 f   BigConvexDataBuilder.obj
 0001:000137a0       ?saveValencies@BigConvexDataBuilder@physx@@QEBA_NAEAVPxOutputStream@2@_N@Z 00000001800147a0 f   BigConvexDataBuilder.obj
 0001:00013950       ??0BigConvexData@physx@@QEAA@W4PxEMPTY@1@@Z 0000000180014950 f i BigConvexDataBuilder.obj
 0001:00013960       ??4BigConvexData@physx@@QEAAAEAV01@AEBV01@@Z 0000000180014960 f i BigConvexDataBuilder.obj
 0001:00013980       ?GetAdjacentVerts@BigConvexData@physx@@QEBAPEBEXZ 0000000180014980 f i BigConvexDataBuilder.obj
 0001:00013990       ?GetNbNeighbors@BigConvexData@physx@@QEBAGI@Z 0000000180014990 f i BigConvexDataBuilder.obj
 0001:000139a0       ?GetNbSamples@BigConvexData@physx@@QEBAIXZ 00000001800149a0 f i BigConvexDataBuilder.obj
 0001:000139b0       ?GetNbVerts@BigConvexData@physx@@QEBAIXZ 00000001800149b0 f i BigConvexDataBuilder.obj
 0001:000139c0       ?GetNeighbors@BigConvexData@physx@@QEBAPEBEI@Z 00000001800149c0 f i BigConvexDataBuilder.obj
 0001:000139d0       ?GetOffset@BigConvexData@physx@@QEBAGI@Z 00000001800149d0 f i BigConvexDataBuilder.obj
 0001:000139e0       ?GetSubdiv@BigConvexData@physx@@QEBAIXZ 00000001800149e0 f i BigConvexDataBuilder.obj
 0001:000139f0       ?GetValencies@BigConvexData@physx@@QEBAPEBUValency@Gu@2@XZ 00000001800149f0 f i BigConvexDataBuilder.obj
 0001:00013a00       ?GetValency@BigConvexData@physx@@QEBAGI@Z 0000000180014a00 f i BigConvexDataBuilder.obj
 0001:00013a10       ??0ConvexHullBuilder@physx@@QEAA@PEAUConvexHullData@Gu@1@_N@Z 0000000180014a10 f   ConvexHullBuilder.obj
 0001:00013a40       ??1ConvexHullBuilder@physx@@QEAA@XZ 0000000180014a40 f   ConvexHullBuilder.obj
 0001:00013b50       ?init@ConvexHullBuilder@physx@@QEAA_NIPEBVPxVec3@2@PEBIIIPEBUPxHullPolygon@2@_NPEAVConvexHullLib@2@@Z 0000000180014b50 f   ConvexHullBuilder.obj
 0001:000144b0       ?save@ConvexHullBuilder@physx@@QEBA_NAEAVPxOutputStream@2@_N@Z 00000001800154b0 f   ConvexHullBuilder.obj
 0001:000147d0       ?copy@ConvexHullBuilder@physx@@QEAA_NAEAUConvexHullData@Gu@2@AEAI@Z 00000001800157d0 f   ConvexHullBuilder.obj
 0001:00014a50       ?createEdgeList@ConvexHullBuilder@physx@@QEAA_N_NI@Z 0000000180015a50 f   ConvexHullBuilder.obj
 0001:000152d0       ?checkHullPolygons@ConvexHullBuilder@physx@@QEBA_NXZ 00000001800162d0 f   ConvexHullBuilder.obj
 0001:000158c0       ?calculateVertexMapTable@ConvexHullBuilder@physx@@QEAA_NI_N@Z 00000001800168c0 f   ConvexHullBuilder.obj
 0001:00015ad0       ?computeGeomCenter@ConvexHullBuilder@physx@@IEBA_NAEAVPxVec3@2@IPEAUHullTriangleData@2@@Z 0000000180016ad0 f   ConvexHullBuilder.obj
 0001:00015d90       ??$?_UE@@YAPEAX_KV?$ReflectionAllocator@E@shdfnd@physx@@PEBDH@Z 0000000180016d90 f i ConvexHullBuilder.obj
 0001:00015e30       ??1ConvexHullLib@physx@@UEAA@XZ 0000000180016e30 f   ConvexHullLib.obj
 0001:00015e90       ?cleanupVertices@ConvexHullLib@physx@@IEAA_NIPEBVPxVec3@2@IAEAIPEAV32@AEAV32@3@Z 0000000180016e90 f   ConvexHullLib.obj
 0001:00016320       ?shiftAndcleanupVertices@ConvexHullLib@physx@@IEAA_NIPEBVPxVec3@2@IAEAIPEAV32@AEAV32@3@Z 0000000180017320 f   ConvexHullLib.obj
 0001:00016800       ?swapLargestFace@ConvexHullLib@physx@@IEAAXAEAVPxConvexMeshDesc@2@@Z 0000000180017800 f   ConvexHullLib.obj
 0001:000169f0       ?shiftConvexMeshDesc@ConvexHullLib@physx@@IEAAXAEAVPxConvexMeshDesc@2@@Z 00000001800179f0 f   ConvexHullLib.obj
 0001:00016ab0       ??_EConvexHullLib@physx@@UEAAPEAXI@Z 0000000180017ab0 f i ConvexHullLib.obj
 0001:00016ab0       ??_GConvexHullLib@physx@@UEAAPEAXI@Z 0000000180017ab0 f i ConvexHullLib.obj
 0001:00017020       ??0ConvexHull@physx@@QEAA@AEBVPxVec3@1@0AEBV?$Array@VPxPlane@physx@@V?$ReflectionAllocator@VPxPlane@physx@@@shdfnd@2@@shdfnd@1@@Z 0000000180018020 f   ConvexHullUtils.obj
 0001:000179e0       ??0ConvexHull@physx@@QEAA@AEBVPxVec3@1@AEBVPxTransform@1@AEBV?$Array@VPxPlane@physx@@V?$ReflectionAllocator@VPxPlane@physx@@@shdfnd@2@@shdfnd@1@@Z 00000001800189e0 f   ConvexHullUtils.obj
 0001:00018b40       ?findCandidatePlane@ConvexHull@physx@@QEBAHMM@Z 0000000180019b40 f   ConvexHullUtils.obj
 0001:00018fb0       ?assertIntact@ConvexHull@physx@@QEBA_NM@Z 0000000180019fb0 f   ConvexHullUtils.obj
 0001:000192c0       ?maxNumVertsPerFace@ConvexHull@physx@@QEBAIXZ 000000018001a2c0 f   ConvexHullUtils.obj
 0001:00019340       ?convexHullCrop@physx@@YAPEAVConvexHull@1@AEBV21@AEBVPxPlane@1@M@Z 000000018001a340 f   ConvexHullUtils.obj
 0001:0001a120       ?computeOBBFromConvex@physx@@YA_NAEBVPxConvexMeshDesc@1@AEAVPxVec3@1@AEAVPxTransform@1@@Z 000000018001b120 f   ConvexHullUtils.obj
 0001:0001a9c0       ?computeOBBSIMD@local@@YAXIPEBT__m128@@AEAT2@AEBT2@1@Z 000000018001b9c0 f   ConvexHullUtils.obj
 0001:0001aba0       ??0Box@Gu@physx@@QEAA@AEBV012@@Z 000000018001bba0 f i ConvexHullUtils.obj
 0001:0001ac00       ??0Box@Gu@physx@@QEAA@AEBVPxVec3@2@0AEBVPxMat33@2@@Z 000000018001bc00 f i ConvexHullUtils.obj
 0001:0001ac70       ??0Box@Gu@physx@@QEAA@XZ   000000018001bc70 f i ConvexHullUtils.obj
 0001:0001ac80       ??0HalfEdge@ConvexHull@physx@@QEAA@XZ 000000018001bc80 f i ConvexHullUtils.obj
 0001:0001ac90       ??0PxPlane@physx@@QEAA@XZ  000000018001bc90 f i ConvexHullUtils.obj
 0001:0001aca0       ??0PxQuat@physx@@QEAA@AEBVPxMat33@1@@Z 000000018001bca0 f i ConvexHullUtils.obj
 0001:0001ae80       ??1Box@Gu@physx@@QEAA@XZ   000000018001be80 f i ConvexHullUtils.obj
 0001:0001ae90       ??4Box@Gu@physx@@QEAAAEBV012@AEBV012@@Z 000000018001be90 f i ConvexHullUtils.obj
 0001:0001aef0       ?allocate@?$Array@VHalfEdge@ConvexHull@physx@@V?$ReflectionAllocator@VHalfEdge@ConvexHull@physx@@@shdfnd@3@@shdfnd@physx@@IEAAPEAVHalfEdge@ConvexHull@3@I@Z 000000018001bef0 f i ConvexHullUtils.obj
 0001:0001af90       ?allocate@?$Array@VPxPlane@physx@@V?$ReflectionAllocator@VPxPlane@physx@@@shdfnd@2@@shdfnd@physx@@IEAAPEAVPxPlane@3@I@Z 000000018001bf90 f i ConvexHullUtils.obj
 0001:0001b030       ?computeAABBExtent@Box@Gu@physx@@QEBA?AVPxVec3@3@XZ 000000018001c030 f i ConvexHullUtils.obj
 0001:0001b0f0       ?computeBoxPoints@Box@Gu@physx@@QEBAXPEIAVPxVec3@3@@Z 000000018001c0f0 f i ConvexHullUtils.obj
 0001:0001b130       ?copy@?$Array@VPxPlane@physx@@V?$ReflectionAllocator@VPxPlane@physx@@@shdfnd@2@@shdfnd@physx@@KAXPEAVPxPlane@3@0PEBV43@@Z 000000018001c130 f i ConvexHullUtils.obj
 0001:0001b230       ?getInverse@PxMat33@physx@@QEBA?BV12@XZ 000000018001c230 f i ConvexHullUtils.obj
 0001:0001b480       ?getTransform@Box@Gu@physx@@QEBA?AVPxTransform@3@XZ 000000018001c480 f i ConvexHullUtils.obj
 0001:0001b4e0       ?growAndPushBack@?$Array@VHalfEdge@ConvexHull@physx@@V?$ReflectionAllocator@VHalfEdge@ConvexHull@physx@@@shdfnd@3@@shdfnd@physx@@IEAAAEAVHalfEdge@ConvexHull@3@AEBV453@@Z 000000018001c4e0 f i ConvexHullUtils.obj
 0001:0001b5a0       ?growAndPushBack@?$Array@VPxPlane@physx@@V?$ReflectionAllocator@VPxPlane@physx@@@shdfnd@2@@shdfnd@physx@@IEAAAEAVPxPlane@3@AEBV43@@Z 000000018001c5a0 f i ConvexHullUtils.obj
 0001:0001b660       ?isValid@Box@Gu@physx@@QEBA_NXZ 000000018001c660 f i ConvexHullUtils.obj
 0001:0001b680       ?recreate@?$Array@VHalfEdge@ConvexHull@physx@@V?$ReflectionAllocator@VHalfEdge@ConvexHull@physx@@@shdfnd@3@@shdfnd@physx@@IEAAXI@Z 000000018001c680 f i ConvexHullUtils.obj
 0001:0001b720       ?recreate@?$Array@VPxPlane@physx@@V?$ReflectionAllocator@VPxPlane@physx@@@shdfnd@2@@shdfnd@physx@@IEAAXI@Z 000000018001c720 f i ConvexHullUtils.obj
 0001:0001b7b0       ?resize@?$Array@VHalfEdge@ConvexHull@physx@@V?$ReflectionAllocator@VHalfEdge@ConvexHull@physx@@@shdfnd@3@@shdfnd@physx@@QEAAXIAEBVHalfEdge@ConvexHull@3@@Z 000000018001c7b0 f i ConvexHullUtils.obj
 0001:0001b870       ?resize@?$Array@VPxPlane@physx@@V?$ReflectionAllocator@VPxPlane@physx@@@shdfnd@2@@shdfnd@physx@@QEAAXIAEBVPxPlane@3@@Z 000000018001c870 f i ConvexHullUtils.obj
 0001:0001b990       ?resize@?$Array@VPxVec3@physx@@V?$ReflectionAllocator@VPxVec3@physx@@@shdfnd@2@@shdfnd@physx@@QEAAXIAEBVPxVec3@3@@Z 000000018001c990 f i ConvexHullUtils.obj
 0001:0001ba80       ?rotate@Box@Gu@physx@@QEBA?AVPxVec3@3@AEBV43@@Z 000000018001ca80 f i ConvexHullUtils.obj
 0001:0001bb10       ?rotateInv@Box@Gu@physx@@QEBA?AVPxVec3@3@AEBV43@@Z 000000018001cb10 f i ConvexHullUtils.obj
 0001:0001bba0       ?setAxes@Box@Gu@physx@@QEAAXAEBVPxVec3@3@00@Z 000000018001cba0 f i ConvexHullUtils.obj
 0001:0001bbe0       ?setEmpty@Box@Gu@physx@@QEAAXXZ 000000018001cbe0 f i ConvexHullUtils.obj
 0001:0001bc20       ?transform@Box@Gu@physx@@QEBA?AVPxVec3@3@AEBV43@@Z 000000018001cc20 f i ConvexHullUtils.obj
 0001:0001bcc0       ??0ConvexMeshBuilder@physx@@QEAA@_N@Z 000000018001ccc0 f   ConvexMeshBuilder.obj
 0001:0001bd30       ??1ConvexMeshBuilder@physx@@QEAA@XZ 000000018001cd30 f   ConvexMeshBuilder.obj
 0001:0001bd90       ?build@ConvexMeshBuilder@physx@@QEAA_NAEBVPxConvexMeshDesc@2@I_NPEAVConvexHullLib@2@@Z 000000018001cd90 f   ConvexMeshBuilder.obj
 0001:0001c0b0       ?save@ConvexMeshBuilder@physx@@QEBA_NAEAVPxOutputStream@2@_N@Z 000000018001d0b0 f   ConvexMeshBuilder.obj
 0001:0001c2d0       ?copy@ConvexMeshBuilder@physx@@QEAA_NAEAUConvexHullInitData@Gu@2@@Z 000000018001d2d0 f   ConvexMeshBuilder.obj
 0001:0001c400       ?loadConvexHull@ConvexMeshBuilder@physx@@QEAA_NAEBVPxConvexMeshDesc@2@PEAVConvexHullLib@2@@Z 000000018001d400 f   ConvexMeshBuilder.obj
 0001:0001c690       ?computeHullPolygons@ConvexMeshBuilder@physx@@QEAA_NAEBIPEBVPxVec3@2@0PEBIAEAVPxAllocatorCallback@2@AEAIAEAPEAV32@4AEAPEAI4AEAPEAUPxHullPolygon@2@@Z 000000018001d690 f   ConvexMeshBuilder.obj
 0001:0001c8b0       ?computeGaussMaps@ConvexMeshBuilder@physx@@QEAA_NXZ 000000018001d8b0 f   ConvexMeshBuilder.obj
 0001:0001c9a0       ?computeMassInfo@ConvexMeshBuilder@physx@@QEAAX_N@Z 000000018001d9a0 f   ConvexMeshBuilder.obj
 0001:0001cd70       ?computeInternalObjects@ConvexMeshBuilder@physx@@QEAAXXZ 000000018001dd70 f   ConvexMeshBuilder.obj
 0001:0001d1f0       ?isFinite@PxVec3@physx@@QEBA_NXZ 000000018001e1f0 f i ConvexMeshBuilder.obj
 0001:0001d250       ??0ConvexPolygonsBuilder@physx@@QEAA@PEAUConvexHullData@Gu@1@_N@Z 000000018001e250 f   ConvexPolygonsBuilder.obj
 0001:0001d280       ??1ConvexPolygonsBuilder@physx@@QEAA@XZ 000000018001e280 f   ConvexPolygonsBuilder.obj
 0001:0001d2d0       ?computeHullPolygons@ConvexPolygonsBuilder@physx@@QEAA_NAEBIPEBVPxVec3@2@0PEBI@Z 000000018001e2d0 f   ConvexPolygonsBuilder.obj
 0001:0001e380       ?createPolygonData@ConvexPolygonsBuilder@physx@@AEAA_NXZ 000000018001f380 f   ConvexPolygonsBuilder.obj
 0001:0001ef60       ?createTrianglesFromPolygons@ConvexPolygonsBuilder@physx@@AEAA_NXZ 000000018001ff60 f   ConvexPolygonsBuilder.obj
 0001:0001f880       ??$copy@V?$ReflectionAllocator@VPair@@@shdfnd@physx@@@?$Array@VPair@@V?$ReflectionAllocator@VPair@@@shdfnd@physx@@@shdfnd@physx@@IEAAXAEBV012@@Z 0000000180020880 f i ConvexPolygonsBuilder.obj
 0001:00020100       ?allocate@?$Array@IV?$ReflectionAllocator@I@shdfnd@physx@@@shdfnd@physx@@IEAAPEAII@Z 0000000180021100 f i ConvexPolygonsBuilder.obj
 0001:000201a0       ?allocate@?$Array@VPair@@V?$ReflectionAllocator@VPair@@@shdfnd@physx@@@shdfnd@physx@@IEAAPEAVPair@@I@Z 00000001800211a0 f i ConvexPolygonsBuilder.obj
 0001:00021720       ?growAndPushBack@?$Array@VPair@@V?$ReflectionAllocator@VPair@@@shdfnd@physx@@@shdfnd@physx@@IEAAAEAVPair@@AEBV4@@Z 0000000180022720 f i ConvexPolygonsBuilder.obj
 0001:000217e0       ??0QuickHullConvexHullLib@physx@@QEAA@AEBVPxConvexMeshDesc@1@AEBUPxCookingParams@1@@Z 00000001800227e0 f   QuickHullConvexHullLib.obj
 0001:000218d0       ??1QuickHullConvexHullLib@physx@@UEAA@XZ 00000001800228d0 f   QuickHullConvexHullLib.obj
 0001:000219a0       ?createConvexHull@QuickHullConvexHullLib@physx@@UEAA?AW4Enum@PxConvexMeshCookingResult@2@XZ 00000001800229a0 f   QuickHullConvexHullLib.obj
 0001:00021db0       ?fillConvexMeshDesc@QuickHullConvexHullLib@physx@@UEAAXAEAVPxConvexMeshDesc@2@@Z 0000000180022db0 f   QuickHullConvexHullLib.obj
 0001:00021e00       ?createEdgeList@QuickHullConvexHullLib@physx@@UEAA_NIPEBEPEAPEAEPEAPEAG2@Z 0000000180022e00 f   QuickHullConvexHullLib.obj
 0001:00022040       ?expandHullOBB@QuickHullConvexHullLib@physx@@IEAA?AW4Enum@PxConvexMeshCookingResult@2@XZ 0000000180023040 f   QuickHullConvexHullLib.obj
 0001:00022460       ?expandHull@QuickHullConvexHullLib@physx@@IEAA?AW4Enum@PxConvexMeshCookingResult@2@XZ 0000000180023460 f   QuickHullConvexHullLib.obj
 0001:00023130       ?cleanupForSimplex@QuickHullConvexHullLib@physx@@IEAA_NPEAVPxVec3@2@IPEAUQuickHullVertex@local@@1AEAM2@Z 0000000180024130 f   QuickHullConvexHullLib.obj
 0001:00023d00       ?fillConvexMeshDescFromQuickHull@QuickHullConvexHullLib@physx@@IEAAXAEAVPxConvexMeshDesc@2@@Z 0000000180024d00 f   QuickHullConvexHullLib.obj
 0001:00024090       ?fillConvexMeshDescFromCroppedHull@QuickHullConvexHullLib@physx@@IEAAXAEAVPxConvexMeshDesc@2@@Z 0000000180025090 f   QuickHullConvexHullLib.obj
 0001:00024290       ?getOppositeFaceDistance@QuickHullHalfEdge@local@@QEBAMXZ 0000000180025290 f   QuickHullConvexHullLib.obj
 0001:000242d0       ?mergeAdjacentFace@QuickHullFace@local@@QEAA_NPEAUQuickHullHalfEdge@2@AEAV?$Array@PEAUQuickHullFace@local@@V?$ReflectionAllocator@PEAUQuickHullFace@local@@@shdfnd@physx@@@shdfnd@physx@@@Z 00000001800252d0 f   QuickHullConvexHullLib.obj
 0001:00024720       ?checkFaceConsistency@QuickHullFace@local@@QEAA_NXZ 0000000180025720 f   QuickHullConvexHullLib.obj
 0001:00024730       ?connectHalfEdges@QuickHullFace@local@@AEAAPEAU12@PEAUQuickHullHalfEdge@2@0@Z 0000000180025730 f   QuickHullConvexHullLib.obj
 0001:00024aa0       ??0QuickHull@local@@QEAA@AEBUPxCookingParams@physx@@AEBVPxConvexMeshDesc@3@@Z 0000000180025aa0 f   QuickHullConvexHullLib.obj
 0001:00024b50       ??1QuickHull@local@@QEAA@XZ 0000000180025b50 f   QuickHullConvexHullLib.obj
 0001:00024ca0       ?preallocate@QuickHull@local@@QEAAXI@Z 0000000180025ca0 f   QuickHullConvexHullLib.obj
 0001:00024df0       ?parseInputVertices@QuickHull@local@@QEAAXPEBVPxVec3@physx@@I@Z 0000000180025df0 f   QuickHullConvexHullLib.obj
 0001:00024f80       ?releaseHull@QuickHull@local@@QEAAXXZ 0000000180025f80 f   QuickHullConvexHullLib.obj
 0001:00024fe0       ?setPrecomputedMinMax@QuickHull@local@@QEAAXPEBUQuickHullVertex@2@0MM@Z 0000000180025fe0 f   QuickHullConvexHullLib.obj
 0001:00025170       ?buildHull@QuickHull@local@@QEAA?AW4Enum@QuickHullResult@2@XZ 0000000180026170 f   QuickHullConvexHullLib.obj
 0001:00025390       ?maxNumVertsPerFace@QuickHull@local@@QEBAIXZ 0000000180026390 f   QuickHullConvexHullLib.obj
 0001:000253d0       ?computeMinMaxVerts@QuickHull@local@@IEAAXXZ 00000001800263d0 f   QuickHullConvexHullLib.obj
 0001:000257b0       ?findSimplex@QuickHull@local@@IEAA_NXZ 00000001800267b0 f   QuickHullConvexHullLib.obj
 0001:00026460       ?addSimplex@QuickHull@local@@IEAAXPEAUQuickHullVertex@2@_N@Z 0000000180027460 f   QuickHullConvexHullLib.obj
 0001:00026930       ?nextPointToAdd@QuickHull@local@@IEAAPEAUQuickHullVertex@2@AEAPEAUQuickHullFace@2@@Z 0000000180027930 f   QuickHullConvexHullLib.obj
 0001:00026ab0       ?addPointToHull@QuickHull@local@@IEAA_NPEBUQuickHullVertex@2@AEAUQuickHullFace@2@AEA_N@Z 0000000180027ab0 f   QuickHullConvexHullLib.obj
 0001:00026d80       ?createTriangle@QuickHull@local@@IEAAPEAUQuickHullFace@2@AEBUQuickHullVertex@2@00@Z 0000000180027d80 f   QuickHullConvexHullLib.obj
 0001:00027120       ?addPointToFace@QuickHull@local@@IEAAXAEAUQuickHullFace@2@PEAUQuickHullVertex@2@M@Z 0000000180028120 f   QuickHullConvexHullLib.obj
 0001:00027170       ?removeEyePointFromFace@QuickHull@local@@IEAAXAEAUQuickHullFace@2@PEBUQuickHullVertex@2@@Z 0000000180028170 f   QuickHullConvexHullLib.obj
 0001:00027190       ?calculateHorizon@QuickHull@local@@IEAAXAEBVPxVec3@physx@@PEAUQuickHullHalfEdge@2@AEAUQuickHullFace@2@AEAV?$Array@PEAUQuickHullHalfEdge@local@@V?$ReflectionAllocator@PEAUQuickHullHalfEdge@local@@@shdfnd@physx@@@shdfnd@4@AEAV?$Array@PEAUQuickHullFace@local@@V?$ReflectionAllocator@PEAUQuickHullFace@local@@@shdfnd@physx@@@84@@Z 0000000180028190 f   QuickHullConvexHullLib.obj
 0001:00027340       ?addNewFacesFromHorizon@QuickHull@local@@IEAAXPEBUQuickHullVertex@2@AEBV?$Array@PEAUQuickHullHalfEdge@local@@V?$ReflectionAllocator@PEAUQuickHullHalfEdge@local@@@shdfnd@physx@@@shdfnd@physx@@AEAV?$Array@PEAUQuickHullFace@local@@V?$ReflectionAllocator@PEAUQuickHullFace@local@@@shdfnd@physx@@@56@@Z 0000000180028340 f   QuickHullConvexHullLib.obj
 0001:00027490       ?doAdjacentMerge@QuickHull@local@@IEAA_NAEAUQuickHullFace@2@_NAEA_N@Z 0000000180028490 f   QuickHullConvexHullLib.obj
 0001:000277e0       ?doPostAdjacentMerge@QuickHull@local@@IEAA_NAEAUQuickHullFace@2@M@Z 00000001800287e0 f   QuickHullConvexHullLib.obj
 0001:00027a00       ?deleteFacePoints@QuickHull@local@@IEAAXAEAUQuickHullFace@2@PEAU32@@Z 0000000180028a00 f   QuickHullConvexHullLib.obj
 0001:00027b10       ?resolveUnclaimedPoints@QuickHull@local@@IEAAXAEBV?$Array@PEAUQuickHullFace@local@@V?$ReflectionAllocator@PEAUQuickHullFace@local@@@shdfnd@physx@@@shdfnd@physx@@@Z 0000000180028b10 f   QuickHullConvexHullLib.obj
 0001:00027d90       ?postMergeHull@QuickHull@local@@IEAAXXZ 0000000180028d90 f   QuickHullConvexHullLib.obj
 0001:00027ff0       ?canMergeFaces@QuickHull@local@@IEAA_NAEBUQuickHullHalfEdge@2@@Z 0000000180028ff0 f   QuickHullConvexHullLib.obj
 0001:00028820       ?getExpandPoint@local@@YAXAEBUQuickHullHalfEdge@1@AEAUExpandPoint@1@PEBV?$Array@IV?$ReflectionAllocator@I@shdfnd@physx@@@shdfnd@physx@@@Z 0000000180029820 f   QuickHullConvexHullLib.obj
 0001:000288d0       ?addExpandPoint@local@@YAXAEBUExpandPoint@1@AEAV?$Array@UExpandPoint@local@@V?$ReflectionAllocator@UExpandPoint@local@@@shdfnd@physx@@@shdfnd@physx@@@Z 00000001800298d0 f   QuickHullConvexHullLib.obj
 0001:000289b0       ??0PxPlane@physx@@QEAA@AEBV01@@Z 00000001800299b0 f i QuickHullConvexHullLib.obj
 0001:000289d0       ??0QuickHullVertex@local@@QEAA@XZ 00000001800299d0 f i QuickHullConvexHullLib.obj
 0001:000289e0       ??1?$MemBlock@UQuickHullFace@local@@$00@local@@QEAA@XZ 00000001800299e0 f i QuickHullConvexHullLib.obj
 0001:00028a70       ??1?$MemBlock@UQuickHullHalfEdge@local@@$0A@@local@@QEAA@XZ 0000000180029a70 f i QuickHullConvexHullLib.obj
 0001:00028b00       ??_GConvexHull@physx@@QEAAPEAXI@Z 0000000180029b00 f i QuickHullConvexHullLib.obj
 0001:00028be0       ??_GQuickHullConvexHullLib@physx@@UEAAPEAXI@Z 0000000180029be0 f i QuickHullConvexHullLib.obj
 0001:00028be0       ??_EQuickHullConvexHullLib@physx@@UEAAPEAXI@Z 0000000180029be0 f i QuickHullConvexHullLib.obj
 0001:00028ce0       ??__G@YAXPEAX0_K1P6APEAX00@Z@Z 0000000180029ce0 f i QuickHullConvexHullLib.obj
 0001:00028d40       ?allocate@?$Array@PEAUQuickHullFace@local@@V?$ReflectionAllocator@PEAUQuickHullFace@local@@@shdfnd@physx@@@shdfnd@physx@@IEAAPEAPEAUQuickHullFace@local@@I@Z 0000000180029d40 f i QuickHullConvexHullLib.obj
 0001:00028de0       ?allocate@?$Array@PEAUQuickHullHalfEdge@local@@V?$ReflectionAllocator@PEAUQuickHullHalfEdge@local@@@shdfnd@physx@@@shdfnd@physx@@IEAAPEAPEAUQuickHullHalfEdge@local@@I@Z 0000000180029de0 f i QuickHullConvexHullLib.obj
 0001:00028e80       ?allocate@?$Array@PEAUQuickHullVertex@local@@V?$ReflectionAllocator@PEAUQuickHullVertex@local@@@shdfnd@physx@@@shdfnd@physx@@IEAAPEAPEAUQuickHullVertex@local@@I@Z 0000000180029e80 f i QuickHullConvexHullLib.obj
 0001:00028f20       ?allocate@?$Array@UExpandPoint@local@@V?$ReflectionAllocator@UExpandPoint@local@@@shdfnd@physx@@@shdfnd@physx@@IEAAPEAUExpandPoint@local@@I@Z 0000000180029f20 f i QuickHullConvexHullLib.obj
 0001:00028fc0       ?copy@?$Array@UExpandPoint@local@@V?$ReflectionAllocator@UExpandPoint@local@@@shdfnd@physx@@@shdfnd@physx@@KAXPEAUExpandPoint@local@@0PEBU45@@Z 0000000180029fc0 f i QuickHullConvexHullLib.obj
 0001:00029070       ?getFreeItem@?$MemBlock@UQuickHullFace@local@@$00@local@@QEAAPEAUQuickHullFace@2@XZ 000000018002a070 f i QuickHullConvexHullLib.obj
 0001:000291a0       ?getFreeItem@?$MemBlock@UQuickHullHalfEdge@local@@$0A@@local@@QEAAPEAUQuickHullHalfEdge@2@XZ 000000018002a1a0 f i QuickHullConvexHullLib.obj
 0001:00029270       ?growAndPushBack@?$Array@PEAUQuickHullFace@local@@V?$ReflectionAllocator@PEAUQuickHullFace@local@@@shdfnd@physx@@@shdfnd@physx@@IEAAAEAPEAUQuickHullFace@local@@AEBQEAU45@@Z 000000018002a270 f i QuickHullConvexHullLib.obj
 0001:00029330       ?growAndPushBack@?$Array@PEAUQuickHullHalfEdge@local@@V?$ReflectionAllocator@PEAUQuickHullHalfEdge@local@@@shdfnd@physx@@@shdfnd@physx@@IEAAAEAPEAUQuickHullHalfEdge@local@@AEBQEAU45@@Z 000000018002a330 f i QuickHullConvexHullLib.obj
 0001:000293f0       ?growAndPushBack@?$Array@PEAUQuickHullVertex@local@@V?$ReflectionAllocator@PEAUQuickHullVertex@local@@@shdfnd@physx@@@shdfnd@physx@@IEAAAEAPEAUQuickHullVertex@local@@AEBQEAU45@@Z 000000018002a3f0 f i QuickHullConvexHullLib.obj
 0001:000294b0       ?growAndPushBack@?$Array@UExpandPoint@local@@V?$ReflectionAllocator@UExpandPoint@local@@@shdfnd@physx@@@shdfnd@physx@@IEAAAEAUExpandPoint@local@@AEBU45@@Z 000000018002a4b0 f i QuickHullConvexHullLib.obj
 0001:000295b0       ?init@?$MemBlock@UQuickHullFace@local@@$00@local@@QEAAXI@Z 000000018002a5b0 f i QuickHullConvexHullLib.obj
 0001:000296b0       ?init@?$MemBlock@UQuickHullHalfEdge@local@@$0A@@local@@QEAAXI@Z 000000018002a6b0 f i QuickHullConvexHullLib.obj
 0001:00029750       ?recreate@?$Array@PEAUQuickHullFace@local@@V?$ReflectionAllocator@PEAUQuickHullFace@local@@@shdfnd@physx@@@shdfnd@physx@@IEAAXI@Z 000000018002a750 f i QuickHullConvexHullLib.obj
 0001:000297f0       ?recreate@?$Array@PEAUQuickHullHalfEdge@local@@V?$ReflectionAllocator@PEAUQuickHullHalfEdge@local@@@shdfnd@physx@@@shdfnd@physx@@IEAAXI@Z 000000018002a7f0 f i QuickHullConvexHullLib.obj
 0001:00029890       ?recreate@?$Array@PEAUQuickHullVertex@local@@V?$ReflectionAllocator@PEAUQuickHullVertex@local@@@shdfnd@physx@@@shdfnd@physx@@IEAAXI@Z 000000018002a890 f i QuickHullConvexHullLib.obj
 0001:00029930       ?recreate@?$Array@UExpandPoint@local@@V?$ReflectionAllocator@UExpandPoint@local@@@shdfnd@physx@@@shdfnd@physx@@IEAAXI@Z 000000018002a930 f i QuickHullConvexHullLib.obj
 0001:000299c0       ?computeVolumeIntegrals@physx@@YA_NAEBVPxSimpleTriangleMesh@1@MAEAUPxIntegrals@1@@Z 000000018002a9c0 f   VolumeIntegration.obj
 0001:00029a30       ?computeVolumeIntegralsEberly@physx@@YA_NAEBVPxConvexMeshDesc@1@MAEAUPxIntegrals@1@AEBVPxVec3@1@@Z 000000018002aa30 f   VolumeIntegration.obj
 0001:00029a80       ?computeVolumeIntegralsEberlySIMD@physx@@YA_NAEBVPxConvexMeshDesc@1@MAEAUPxIntegrals@1@AEBVPxVec3@1@@Z 000000018002aa80 f   VolumeIntegration.obj
 0001:0002bd80       PxSetPhysXCookingDelayLoadHook 000000018002cd80 f   WindowsCookingDelayLoadHook.obj
 0001:0002bd90       ?cookingDelayHook@@YAP6A_JXZIPEAUDelayLoadInfo@@@Z 000000018002cd90 f   WindowsCookingDelayLoadHook.obj
 0001:0002be68       __imp_load_??0RadixSortBuffered@Cm@physx@@QEAA@XZ 000000018002ce68 f   PhysXCommon_64:PhysXCommon_64.dll
 0001:0002be74       ??0RadixSortBuffered@Cm@physx@@QEAA@XZ 000000018002ce74 f   PhysXCommon_64:PhysXCommon_64.dll
 0001:0002be7a       __tailMerge_physxcommon_64_dll 000000018002ce7a     PhysXCommon_64:PhysXCommon_64.dll
 0001:0002bef3       __imp_load_??1RadixSortBuffered@Cm@physx@@UEAA@XZ 000000018002cef3 f   PhysXCommon_64:PhysXCommon_64.dll
 0001:0002beff       ??1RadixSortBuffered@Cm@physx@@UEAA@XZ 000000018002ceff f   PhysXCommon_64:PhysXCommon_64.dll
 0001:0002bf05       __imp_load_?Sort@RadixSortBuffered@Cm@physx@@QEAAAEAV123@PEBIIW4RadixHint@23@@Z 000000018002cf05 f   PhysXCommon_64:PhysXCommon_64.dll
 0001:0002bf11       ?Sort@RadixSortBuffered@Cm@physx@@QEAAAEAV123@PEBIIW4RadixHint@23@@Z 000000018002cf11 f   PhysXCommon_64:PhysXCommon_64.dll
 0001:0002bf17       __imp_load_?readDword@physx@@YAI_NAEAVPxInputStream@1@@Z 000000018002cf17 f   PhysXCommon_64:PhysXCommon_64.dll
 0001:0002bf23       ?readDword@physx@@YAI_NAEAVPxInputStream@1@@Z 000000018002cf23 f   PhysXCommon_64:PhysXCommon_64.dll
 0001:0002bf29       __imp_load_?ReadHeader@Gu@physx@@YA_NEEEEAEAIAEA_NAEAVPxInputStream@2@@Z 000000018002cf29 f   PhysXCommon_64:PhysXCommon_64.dll
 0001:0002bf35       ?ReadHeader@Gu@physx@@YA_NEEEEAEAIAEA_NAEAVPxInputStream@2@@Z 000000018002cf35 f   PhysXCommon_64:PhysXCommon_64.dll
 0001:0002bf3b       __imp_load_??0HeightField@Gu@physx@@QEAA@PEAVGuMeshFactory@2@@Z 000000018002cf3b f   PhysXCommon_64:PhysXCommon_64.dll
 0001:0002bf47       ??0HeightField@Gu@physx@@QEAA@PEAVGuMeshFactory@2@@Z 000000018002cf47 f   PhysXCommon_64:PhysXCommon_64.dll
 0001:0002bf4d       __imp_load_?loadFromDesc@HeightField@Gu@physx@@QEAA_NAEBVPxHeightFieldDesc@3@@Z 000000018002cf4d f   PhysXCommon_64:PhysXCommon_64.dll
 0001:0002bf59       ?loadFromDesc@HeightField@Gu@physx@@QEAA_NAEBVPxHeightFieldDesc@3@@Z 000000018002cf59 f   PhysXCommon_64:PhysXCommon_64.dll
 0001:0002bf5f       __imp_load_?computeCellCoordinates@HeightField@Gu@physx@@QEBAIMMAEAM0@Z 000000018002cf5f f   PhysXCommon_64:PhysXCommon_64.dll
 0001:0002bf6b       ?computeCellCoordinates@HeightField@Gu@physx@@QEBAIMMAEAM0@Z 000000018002cf6b f   PhysXCommon_64:PhysXCommon_64.dll
 0001:0002bf71       __imp_load_?releaseMemory@HeightField@Gu@physx@@QEAAXXZ 000000018002cf71 f   PhysXCommon_64:PhysXCommon_64.dll
 0001:0002bf7d       ?releaseMemory@HeightField@Gu@physx@@QEAAXXZ 000000018002cf7d f   PhysXCommon_64:PhysXCommon_64.dll
 0001:0002bf83       __imp_load_??1HeightField@Gu@physx@@UEAA@XZ 000000018002cf83 f   PhysXCommon_64:PhysXCommon_64.dll
 0001:0002bf8f       ??1HeightField@Gu@physx@@UEAA@XZ 000000018002cf8f f   PhysXCommon_64:PhysXCommon_64.dll
 0001:0002bf95       __imp_load_??0NodeAllocator@Gu@physx@@QEAA@XZ 000000018002cf95 f   PhysXCommon_64:PhysXCommon_64.dll
 0001:0002bfa1       ??0NodeAllocator@Gu@physx@@QEAA@XZ 000000018002cfa1 f   PhysXCommon_64:PhysXCommon_64.dll
 0001:0002bfa7       __imp_load_??1NodeAllocator@Gu@physx@@QEAA@XZ 000000018002cfa7 f   PhysXCommon_64:PhysXCommon_64.dll
 0001:0002bfb3       ??1NodeAllocator@Gu@physx@@QEAA@XZ 000000018002cfb3 f   PhysXCommon_64:PhysXCommon_64.dll
 0001:0002bfb9       __imp_load_?release@NodeAllocator@Gu@physx@@QEAAXXZ 000000018002cfb9 f   PhysXCommon_64:PhysXCommon_64.dll
 0001:0002bfc5       ?release@NodeAllocator@Gu@physx@@QEAAXXZ 000000018002cfc5 f   PhysXCommon_64:PhysXCommon_64.dll
 0001:0002bfcb       __imp_load_?buildAABBTree@Gu@physx@@YA_NAEAVAABBTreeBuildParams@12@AEAVNodeAllocator@12@AEAUBuildStats@12@AEAPEAI@Z 000000018002cfcb f   PhysXCommon_64:PhysXCommon_64.dll
 0001:0002bfd7       ?buildAABBTree@Gu@physx@@YA_NAEAVAABBTreeBuildParams@12@AEAVNodeAllocator@12@AEAUBuildStats@12@AEAPEAI@Z 000000018002cfd7 f   PhysXCommon_64:PhysXCommon_64.dll
 0001:0002bfdd       __imp_load_?writeDword@physx@@YAXI_NAEAVPxOutputStream@1@@Z 000000018002cfdd f   PhysXCommon_64:PhysXCommon_64.dll
 0001:0002bfe9       ?writeDword@physx@@YAXI_NAEAVPxOutputStream@1@@Z 000000018002cfe9 f   PhysXCommon_64:PhysXCommon_64.dll
 0001:0002bfef       __imp_load_?writeFloatBuffer@physx@@YAXPEBMI_NAEAVPxOutputStream@1@@Z 000000018002cfef f   PhysXCommon_64:PhysXCommon_64.dll
 0001:0002bffb       ?writeFloatBuffer@physx@@YAXPEBMI_NAEAVPxOutputStream@1@@Z 000000018002cffb f   PhysXCommon_64:PhysXCommon_64.dll
 0001:0002c001       __imp_load_?writeHeader@physx@@YA_NCCCCI_NAEAVPxOutputStream@1@@Z 000000018002d001 f   PhysXCommon_64:PhysXCommon_64.dll
 0001:0002c00d       ?writeHeader@physx@@YA_NCCCCI_NAEAVPxOutputStream@1@@Z 000000018002d00d f   PhysXCommon_64:PhysXCommon_64.dll
 0001:0002c013       __imp_load_?writeWord@physx@@YAXG_NAEAVPxOutputStream@1@@Z 000000018002d013 f   PhysXCommon_64:PhysXCommon_64.dll
 0001:0002c01f       ?writeWord@physx@@YAXG_NAEAVPxOutputStream@1@@Z 000000018002d01f f   PhysXCommon_64:PhysXCommon_64.dll
 0001:0002c025       __imp_load_?writeFloat@physx@@YAXM_NAEAVPxOutputStream@1@@Z 000000018002d025 f   PhysXCommon_64:PhysXCommon_64.dll
 0001:0002c031       ?writeFloat@physx@@YAXM_NAEAVPxOutputStream@1@@Z 000000018002d031 f   PhysXCommon_64:PhysXCommon_64.dll
 0001:0002c037       __imp_load_?computeBoundsAroundVertices@Gu@physx@@YAXAEAVPxBounds3@2@IPEIBVPxVec3@2@@Z 000000018002d037 f   PhysXCommon_64:PhysXCommon_64.dll
 0001:0002c043       ?computeBoundsAroundVertices@Gu@physx@@YAXAEAVPxBounds3@2@IPEIBVPxVec3@2@@Z 000000018002d043 f   PhysXCommon_64:PhysXCommon_64.dll
 0001:0002c049       __imp_load_??0SourceMesh@Gu@physx@@QEAA@XZ 000000018002d049 f   PhysXCommon_64:PhysXCommon_64.dll
 0001:0002c055       ??0SourceMesh@Gu@physx@@QEAA@XZ 000000018002d055 f   PhysXCommon_64:PhysXCommon_64.dll
 0001:0002c05b       __imp_load_??1SourceMesh@Gu@physx@@QEAA@XZ 000000018002d05b f   PhysXCommon_64:PhysXCommon_64.dll
 0001:0002c067       ??1SourceMesh@Gu@physx@@QEAA@XZ 000000018002d067 f   PhysXCommon_64:PhysXCommon_64.dll
 0001:0002c06d       __imp_load_??0BV4Tree@Gu@physx@@QEAA@XZ 000000018002d06d f   PhysXCommon_64:PhysXCommon_64.dll
 0001:0002c079       ??0BV4Tree@Gu@physx@@QEAA@XZ 000000018002d079 f   PhysXCommon_64:PhysXCommon_64.dll
 0001:0002c07f       __imp_load_??1BV4Tree@Gu@physx@@QEAA@XZ 000000018002d07f f   PhysXCommon_64:PhysXCommon_64.dll
 0001:0002c08b       ??1BV4Tree@Gu@physx@@QEAA@XZ 000000018002d08b f   PhysXCommon_64:PhysXCommon_64.dll
 0001:0002c091       __imp_load_??0BV32Tree@Gu@physx@@QEAA@XZ 000000018002d091 f   PhysXCommon_64:PhysXCommon_64.dll
 0001:0002c09d       ??0BV32Tree@Gu@physx@@QEAA@XZ 000000018002d09d f   PhysXCommon_64:PhysXCommon_64.dll
 0001:0002c0a3       __imp_load_??1BV32Tree@Gu@physx@@QEAA@XZ 000000018002d0a3 f   PhysXCommon_64:PhysXCommon_64.dll
 0001:0002c0af       ??1BV32Tree@Gu@physx@@QEAA@XZ 000000018002d0af f   PhysXCommon_64:PhysXCommon_64.dll
 0001:0002c0b5       __imp_load_?writeWordBuffer@physx@@YAXPEBGI_NAEAVPxOutputStream@1@@Z 000000018002d0b5 f   PhysXCommon_64:PhysXCommon_64.dll
 0001:0002c0c1       ?writeWordBuffer@physx@@YAXPEBGI_NAEAVPxOutputStream@1@@Z 000000018002d0c1 f   PhysXCommon_64:PhysXCommon_64.dll
 0001:0002c0c7       __imp_load_?computeMaxIndex@physx@@YAIPEBII@Z 000000018002d0c7 f   PhysXCommon_64:PhysXCommon_64.dll
 0001:0002c0d3       ?computeMaxIndex@physx@@YAIPEBII@Z 000000018002d0d3 f   PhysXCommon_64:PhysXCommon_64.dll
 0001:0002c0d9       __imp_load_?storeIndices@physx@@YAXIIPEBIAEAVPxOutputStream@1@_N@Z 000000018002d0d9 f   PhysXCommon_64:PhysXCommon_64.dll
 0001:0002c0e5       ?storeIndices@physx@@YAXIIPEBIAEAVPxOutputStream@1@_N@Z 000000018002d0e5 f   PhysXCommon_64:PhysXCommon_64.dll
 0001:0002c0eb       __imp_load_?BuildBV4Ex@Gu@physx@@YA_NAEAVBV4Tree@12@AEAVSourceMesh@12@MI@Z 000000018002d0eb f   PhysXCommon_64:PhysXCommon_64.dll
 0001:0002c0f7       ?BuildBV4Ex@Gu@physx@@YA_NAEAVBV4Tree@12@AEAVSourceMesh@12@MI@Z 000000018002d0f7 f   PhysXCommon_64:PhysXCommon_64.dll
 0001:0002c0fd       __imp_load_?BuildBV32Ex@Gu@physx@@YA_NAEAVBV32Tree@12@AEAVSourceMesh@12@MI@Z 000000018002d0fd f   PhysXCommon_64:PhysXCommon_64.dll
 0001:0002c109       ?BuildBV32Ex@Gu@physx@@YA_NAEAVBV32Tree@12@AEAVSourceMesh@12@MI@Z 000000018002d109 f   PhysXCommon_64:PhysXCommon_64.dll
 0001:0002c10f       __imp_load_?computeMaxIndex@physx@@YAGPEBGI@Z 000000018002d10f f   PhysXCommon_64:PhysXCommon_64.dll
 0001:0002c11b       ?computeMaxIndex@physx@@YAGPEBGI@Z 000000018002d11b f   PhysXCommon_64:PhysXCommon_64.dll
 0001:0002c121       __imp_load_?WriteHeader@Gu@physx@@YA_NEEEEI_NAEAVPxOutputStream@2@@Z 000000018002d121 f   PhysXCommon_64:PhysXCommon_64.dll
 0001:0002c12d       ?WriteHeader@Gu@physx@@YA_NEEEEI_NAEAVPxOutputStream@2@@Z 000000018002d12d f   PhysXCommon_64:PhysXCommon_64.dll
 0001:0002c133       __imp_load_?StoreIndices@Gu@physx@@YAXGIPEBGAEAVPxOutputStream@2@_N@Z 000000018002d133 f   PhysXCommon_64:PhysXCommon_64.dll
 0001:0002c13f       ?StoreIndices@Gu@physx@@YAXGIPEBGAEAVPxOutputStream@2@_N@Z 000000018002d13f f   PhysXCommon_64:PhysXCommon_64.dll
 0001:0002c145       __imp_load_?CreateOffsets@BigConvexData@physx@@IEAAXXZ 000000018002d145 f   PhysXCommon_64:PhysXCommon_64.dll
 0001:0002c151       ?CreateOffsets@BigConvexData@physx@@IEAAXXZ 000000018002d151 f   PhysXCommon_64:PhysXCommon_64.dll
 0001:0002c157       __imp_load_?computeOBBPoints@Gu@physx@@YAXPEIAVPxVec3@2@AEBV32@1111@Z 000000018002d157 f   PhysXCommon_64:PhysXCommon_64.dll
 0001:0002c163       ?computeOBBPoints@Gu@physx@@YAXPEIAVPxVec3@2@AEBV32@1111@Z 000000018002d163 f   PhysXCommon_64:PhysXCommon_64.dll
 0001:0002c169       __imp_load_??0BigConvexData@physx@@QEAA@XZ 000000018002d169 f   PhysXCommon_64:PhysXCommon_64.dll
 0001:0002c175       ??0BigConvexData@physx@@QEAA@XZ 000000018002d175 f   PhysXCommon_64:PhysXCommon_64.dll
 0001:0002c17b       __imp_load_??1BigConvexData@physx@@QEAA@XZ 000000018002d17b f   PhysXCommon_64:PhysXCommon_64.dll
 0001:0002c187       ??1BigConvexData@physx@@QEAA@XZ 000000018002d187 f   PhysXCommon_64:PhysXCommon_64.dll
 0001:0002c18d       __imp_load_PxGetFoundation 000000018002d18d f   PhysXFoundation_64:PhysXFoundation_64.dll
 0001:0002c199       PxGetFoundation            000000018002d199 f   PhysXFoundation_64:PhysXFoundation_64.dll
 0001:0002c19f       __tailMerge_physxfoundation_64_dll 000000018002d19f     PhysXFoundation_64:PhysXFoundation_64.dll
 0001:0002c218       __imp_load_?getAllocator@shdfnd@physx@@YAAEAVPxAllocatorCallback@2@XZ 000000018002d218 f   PhysXFoundation_64:PhysXFoundation_64.dll
 0001:0002c224       ?getAllocator@shdfnd@physx@@YAAEAVPxAllocatorCallback@2@XZ 000000018002d224 f   PhysXFoundation_64:PhysXFoundation_64.dll
 0001:0002c22a       __imp_load_?getInstance@Foundation@shdfnd@physx@@SAAEAV123@XZ 000000018002d22a f   PhysXFoundation_64:PhysXFoundation_64.dll
 0001:0002c236       ?getInstance@Foundation@shdfnd@physx@@SAAEAV123@XZ 000000018002d236 f   PhysXFoundation_64:PhysXFoundation_64.dll
 0001:0002c23c       __imp_load_?error@Foundation@shdfnd@physx@@QEAAXW4Enum@PxErrorCode@3@PEBDH1ZZ 000000018002d23c f   PhysXFoundation_64:PhysXFoundation_64.dll
 0001:0002c248       ?error@Foundation@shdfnd@physx@@QEAAXW4Enum@PxErrorCode@3@PEBDH1ZZ 000000018002d248 f   PhysXFoundation_64:PhysXFoundation_64.dll
 0001:0002c24e       __imp_load_?incRefCount@Foundation@shdfnd@physx@@SAXXZ 000000018002d24e f   PhysXFoundation_64:PhysXFoundation_64.dll
 0001:0002c25a       ?incRefCount@Foundation@shdfnd@physx@@SAXXZ 000000018002d25a f   PhysXFoundation_64:PhysXFoundation_64.dll
 0001:0002c260       __imp_load_?decRefCount@Foundation@shdfnd@physx@@SAXXZ 000000018002d260 f   PhysXFoundation_64:PhysXFoundation_64.dll
 0001:0002c26c       ?decRefCount@Foundation@shdfnd@physx@@SAXXZ 000000018002d26c f   PhysXFoundation_64:PhysXFoundation_64.dll
 0001:0002c272       __imp_load_??0FPUGuard@shdfnd@physx@@QEAA@XZ 000000018002d272 f   PhysXFoundation_64:PhysXFoundation_64.dll
[...]
 0002:00007828       rgwOrd                     0000000180037828     PhysXCooking_64.exp
 0002:0000791c       szName                     000000018003791c     PhysXCooking_64.exp
 0002:00007930       $N00001                    0000000180037930     PhysXCooking_64.exp
 0002:0000795f       $N00002                    000000018003795f     PhysXCooking_64.exp
 0002:00007986       $N00003                    0000000180037986     PhysXCooking_64.exp
 0002:000079c1       $N00004                    00000001800379c1     PhysXCooking_64.exp
 0002:000079e8       $N00005                    00000001800379e8     PhysXCooking_64.exp
 0002:00007a14       $N00006                    0000000180037a14     PhysXCooking_64.exp
 0002:00007a35       $N00007                    0000000180037a35     PhysXCooking_64.exp
 0002:00007a6a       $N00008                    0000000180037a6a     PhysXCooking_64.exp
 0002:00007a83       $N00009                    0000000180037a83     PhysXCooking_64.exp
 0002:00007aa3       $N00010                    0000000180037aa3     PhysXCooking_64.exp
 0002:00007acc       $N00011                    0000000180037acc     PhysXCooking_64.exp
 0002:00007af3       $N00012                    0000000180037af3     PhysXCooking_64.exp
 0002:00007b22       $N00013                    0000000180037b22     PhysXCooking_64.exp
 0002:00007b4f       $N00014                    0000000180037b4f     PhysXCooking_64.exp
 0002:00007b80       $N00015                    0000000180037b80     PhysXCooking_64.exp
 0002:00007ba5       $N00016                    0000000180037ba5     PhysXCooking_64.exp
 0002:00007bd0       $N00017                    0000000180037bd0     PhysXCooking_64.exp
 0002:00007bf6       $N00018                    0000000180037bf6     PhysXCooking_64.exp
 0002:00007c15       $N00019                    0000000180037c15     PhysXCooking_64.exp
 0002:00007c4b       $N00020                    0000000180037c4b     PhysXCooking_64.exp
 0002:00007c75       $N00021                    0000000180037c75     PhysXCooking_64.exp
 0002:00007c9c       $N00022                    0000000180037c9c     PhysXCooking_64.exp
 0002:00007cc5       $N00023                    0000000180037cc5     PhysXCooking_64.exp
 0002:00007cde       $N00024                    0000000180037cde     PhysXCooking_64.exp
 0002:00007d03       $N00025                    0000000180037d03     PhysXCooking_64.exp
 0002:00007d22       $N00026                    0000000180037d22     PhysXCooking_64.exp
 0002:00007d41       $N00027                    0000000180037d41     PhysXCooking_64.exp
 0002:00007d61       $N00028                    0000000180037d61     PhysXCooking_64.exp
 0002:00007d97       $N00029                    0000000180037d97     PhysXCooking_64.exp
 0002:00007dcf       $N00030                    0000000180037dcf     PhysXCooking_64.exp
 0002:00007e03       $N00031                    0000000180037e03     PhysXCooking_64.exp
 0002:00007e35       $N00032                    0000000180037e35     PhysXCooking_64.exp
 0002:00007e62       $N00033                    0000000180037e62     PhysXCooking_64.exp
 0002:00007e8a       $N00034                    0000000180037e8a     PhysXCooking_64.exp
 0002:00007ebb       $N00035                    0000000180037ebb     PhysXCooking_64.exp
 0002:00007eea       $N00036                    0000000180037eea     PhysXCooking_64.exp
 0002:00007f1a       $N00037                    0000000180037f1a     PhysXCooking_64.exp
 0002:00007f48       $N00038                    0000000180037f48     PhysXCooking_64.exp
 0002:00007f79       $N00039                    0000000180037f79     PhysXCooking_64.exp
 0002:00007faf       $N00040                    0000000180037faf     PhysXCooking_64.exp
 0002:00007fe3       $N00041                    0000000180037fe3     PhysXCooking_64.exp
 0002:00008015       $N00042                    0000000180038015     PhysXCooking_64.exp
 0002:00008047       $N00043                    0000000180038047     PhysXCooking_64.exp
 0002:00008073       $N00044                    0000000180038073     PhysXCooking_64.exp
 0002:0000808f       $N00045                    000000018003808f     PhysXCooking_64.exp
 0002:000080b9       $N00046                    00000001800380b9     PhysXCooking_64.exp
 0002:000080dd       $N00047                    00000001800380dd     PhysXCooking_64.exp
 0002:0000810f       $N00048                    000000018003810f     PhysXCooking_64.exp
 0002:00008136       $N00049                    0000000180038136     PhysXCooking_64.exp
 0002:00008164       $N00050                    0000000180038164     PhysXCooking_64.exp
 0002:0000818f       $N00051                    000000018003818f     PhysXCooking_64.exp
 0002:000081bc       $N00052                    00000001800381bc     PhysXCooking_64.exp
 0002:000081e5       $N00053                    00000001800381e5     PhysXCooking_64.exp
 0002:00008214       $N00054                    0000000180038214     PhysXCooking_64.exp
 0002:0000823d       $N00055                    000000018003823d     PhysXCooking_64.exp
 0002:00008266       $N00056                    0000000180038266     PhysXCooking_64.exp
 0002:00008294       $N00057                    0000000180038294     PhysXCooking_64.exp
 0002:000082bc       $N00058                    00000001800382bc     PhysXCooking_64.exp
 0002:000082f7       $N00059                    00000001800382f7     PhysXCooking_64.exp
 0002:00008321       $N00060                    0000000180038321     PhysXCooking_64.exp
 0002:00008355       $N00061                    0000000180038355     PhysXCooking_64.exp
 0002:0000838b       $N00062                    000000018003838b     PhysXCooking_64.exp
 0002:000083c7       $N00063                    00000001800383c7     PhysXCooking_64.exp
 0002:0000840f       $N00064                    000000018003840f     PhysXCooking_64.exp
 0002:0000845f       $N00065                    000000018003845f     PhysXCooking_64.exp
 0002:00008493       $N00066                    0000000180038493     PhysXCooking_64.exp
 0002:000084c8       $N00067                    00000001800384c8     PhysXCooking_64.exp
 0002:000084fe       $N00068                    00000001800384fe     PhysXCooking_64.exp
 0002:00008525       $N00069                    0000000180038525     PhysXCooking_64.exp
 0002:0000856d       $N00070                    000000018003856d     PhysXCooking_64.exp
 0002:000085b3       $N00071                    00000001800385b3     PhysXCooking_64.exp
 0002:0000860b       $N00072                    000000018003860b     PhysXCooking_64.exp
 0002:00008652       $N00073                    0000000180038652     PhysXCooking_64.exp
 0002:0000867d       $N00074                    000000018003867d     PhysXCooking_64.exp
 0002:000086ad       $N00075                    00000001800386ad     PhysXCooking_64.exp
 0002:000086fd       $N00076                    00000001800386fd     PhysXCooking_64.exp
 0002:000087ac       $N00077                    00000001800387ac     PhysXCooking_64.exp
 0002:0000880a       $N00078                    000000018003880a     PhysXCooking_64.exp
 0002:00008836       $N00079                    0000000180038836     PhysXCooking_64.exp
 0002:00008862       $N00080                    0000000180038862     PhysXCooking_64.exp
 0002:00008897       $N00081                    0000000180038897     PhysXCooking_64.exp
 0002:000088c0       $N00082                    00000001800388c0     PhysXCooking_64.exp
 0002:000088fc       $N00083                    00000001800388fc     PhysXCooking_64.exp
 0002:00008928       $N00084                    0000000180038928     PhysXCooking_64.exp
 0002:0000895b       $N00085                    000000018003895b     PhysXCooking_64.exp
 0002:000089a8       $N00086                    00000001800389a8     PhysXCooking_64.exp
 0002:000089db       $N00087                    00000001800389db     PhysXCooking_64.exp
 0002:00008a15       $N00088                    0000000180038a15     PhysXCooking_64.exp
 0002:00008a4f       $N00089                    0000000180038a4f     PhysXCooking_64.exp
 0002:00008a8b       $N00090                    0000000180038a8b     PhysXCooking_64.exp
 0002:00008acf       $N00091                    0000000180038acf     PhysXCooking_64.exp
 0002:00008afe       $N00092                    0000000180038afe     PhysXCooking_64.exp
 0002:00008b78       $N00093                    0000000180038b78     PhysXCooking_64.exp
 0002:00008bd5       $N00094                    0000000180038bd5     PhysXCooking_64.exp
 0002:00008c01       $N00095                    0000000180038c01     PhysXCooking_64.exp
 0002:00008c35       $N00096                    0000000180038c35     PhysXCooking_64.exp
 0002:00008c6e       $N00097                    0000000180038c6e     PhysXCooking_64.exp
 0002:00008cab       $N00098                    0000000180038cab     PhysXCooking_64.exp
 0002:00008ce1       $N00099                    0000000180038ce1     PhysXCooking_64.exp
 0002:00008d0e       $N00100                    0000000180038d0e     PhysXCooking_64.exp
 0002:00008d3b       $N00101                    0000000180038d3b     PhysXCooking_64.exp
 0002:00008d66       $N00102                    0000000180038d66     PhysXCooking_64.exp
 0002:00008d92       $N00103                    0000000180038d92     PhysXCooking_64.exp
 0002:00008dbf       $N00104                    0000000180038dbf     PhysXCooking_64.exp
 0002:00008ddf       $N00105                    0000000180038ddf     PhysXCooking_64.exp
 0002:00008e1b       $N00106                    0000000180038e1b     PhysXCooking_64.exp
 0002:00008e4c       $N00107                    0000000180038e4c     PhysXCooking_64.exp
 0002:00008e7e       $N00108                    0000000180038e7e     PhysXCooking_64.exp
 0002:00008ec0       $N00109                    0000000180038ec0     PhysXCooking_64.exp
 0002:00008eed       $N00110                    0000000180038eed     PhysXCooking_64.exp
 0002:00008f11       $N00111                    0000000180038f11     PhysXCooking_64.exp
 0002:00008f41       $N00112                    0000000180038f41     PhysXCooking_64.exp
 0002:00008f74       $N00113                    0000000180038f74     PhysXCooking_64.exp
 0002:00008f99       $N00114                    0000000180038f99     PhysXCooking_64.exp
 0002:00008fc7       $N00115                    0000000180038fc7     PhysXCooking_64.exp
 0002:00008fef       $N00116                    0000000180038fef     PhysXCooking_64.exp
 0002:0000900f       $N00117                    000000018003900f     PhysXCooking_64.exp
 0002:00009054       $N00118                    0000000180039054     PhysXCooking_64.exp
 0002:00009091       $N00119                    0000000180039091     PhysXCooking_64.exp
 0002:000090ce       $N00120                    00000001800390ce     PhysXCooking_64.exp
 0002:00009101       $N00121                    0000000180039101     PhysXCooking_64.exp
 0002:00009111       $N00122                    0000000180039111     PhysXCooking_64.exp
 0002:00009398       .idata$6                   0000000180039398     kernel32:KERNEL32.dll
 0002:00009454       .idata$6                   0000000180039454     vcruntime:VCRUNTIME140.dll
 0002:00009590       .idata$6                   0000000180039590     ucrt:api-ms-win-crt-string-l1-1-0.dll
 0002:000095b2       .idata$6                   00000001800395b2     ucrt:api-ms-win-crt-math-l1-1-0.dll
 0002:000095d2       .idata$6                   00000001800395d2     ucrt:api-ms-win-crt-heap-l1-1-0.dll
 0002:000095f2       .idata$6                   00000001800395f2     ucrt:api-ms-win-crt-runtime-l1-1-0.dll
 0003:00000000       ?MAXDOT_MINANG@local@@3MB  000000018003a000     ConvexHullUtils.obj
 0003:00000004       ?MAXDOT_MINANG@local@@3MB  000000018003a004     QuickHullConvexHullLib.obj
 0003:00000860       ?maxV3Error@_VecMathTests@aos@shdfnd@physx@@3T__m128@@B 000000018003a860     Cooking.obj
 0003:00000870       ?minFError@_VecMathTests@aos@shdfnd@physx@@3T__m128@@B 000000018003a870     Cooking.obj
 0003:00000880       ?maxV4Error@_VecMathTests@aos@shdfnd@physx@@3T__m128@@B 000000018003a880     Cooking.obj
 0003:00000890       ?minV4Error@_VecMathTests@aos@shdfnd@physx@@3T__m128@@B 000000018003a890     Cooking.obj
 0003:000008a0       ?minV3Error@_VecMathTests@aos@shdfnd@physx@@3T__m128@@B 000000018003a8a0     Cooking.obj
 0003:000008b0       ?maxFError@_VecMathTests@aos@shdfnd@physx@@3T__m128@@B 000000018003a8b0     Cooking.obj
 0003:000008c0       ?maxV3Error@_VecMathTests@aos@shdfnd@physx@@3T__m128@@B 000000018003a8c0     BVHStructureBuilder.obj
 0003:000008d0       ?minFError@_VecMathTests@aos@shdfnd@physx@@3T__m128@@B 000000018003a8d0     BVHStructureBuilder.obj
 0003:000008e0       ?maxV4Error@_VecMathTests@aos@shdfnd@physx@@3T__m128@@B 000000018003a8e0     BVHStructureBuilder.obj
 0003:000008f0       ?minV4Error@_VecMathTests@aos@shdfnd@physx@@3T__m128@@B 000000018003a8f0     BVHStructureBuilder.obj
 0003:00000900       ?minV3Error@_VecMathTests@aos@shdfnd@physx@@3T__m128@@B 000000018003a900     BVHStructureBuilder.obj
 0003:00000910       ?maxFError@_VecMathTests@aos@shdfnd@physx@@3T__m128@@B 000000018003a910     BVHStructureBuilder.obj
 0003:00000920       ?maxV3Error@_VecMathTests@aos@shdfnd@physx@@3T__m128@@B 000000018003a920     RTreeCooking.obj
 0003:00000930       ?minFError@_VecMathTests@aos@shdfnd@physx@@3T__m128@@B 000000018003a930     RTreeCooking.obj
 0003:00000940       ?maxV4Error@_VecMathTests@aos@shdfnd@physx@@3T__m128@@B 000000018003a940     RTreeCooking.obj
 0003:00000950       ?minV4Error@_VecMathTests@aos@shdfnd@physx@@3T__m128@@B 000000018003a950     RTreeCooking.obj
 0003:00000960       ?minV3Error@_VecMathTests@aos@shdfnd@physx@@3T__m128@@B 000000018003a960     RTreeCooking.obj
 0003:00000970       ?maxFError@_VecMathTests@aos@shdfnd@physx@@3T__m128@@B 000000018003a970     RTreeCooking.obj
 0003:00000980       ?maxV3Error@_VecMathTests@aos@shdfnd@physx@@3T__m128@@B 000000018003a980     MeshBuilder.obj
 0003:00000990       ?minFError@_VecMathTests@aos@shdfnd@physx@@3T__m128@@B 000000018003a990     MeshBuilder.obj
 0003:000009a0       ?maxV4Error@_VecMathTests@aos@shdfnd@physx@@3T__m128@@B 000000018003a9a0     MeshBuilder.obj
 0003:000009b0       ?minV4Error@_VecMathTests@aos@shdfnd@physx@@3T__m128@@B 000000018003a9b0     MeshBuilder.obj
 0003:000009c0       ?minV3Error@_VecMathTests@aos@shdfnd@physx@@3T__m128@@B 000000018003a9c0     MeshBuilder.obj
 0003:000009d0       ?maxFError@_VecMathTests@aos@shdfnd@physx@@3T__m128@@B 000000018003a9d0     MeshBuilder.obj
 0003:000009e0       ?maxV3Error@_VecMathTests@aos@shdfnd@physx@@3T__m128@@B 000000018003a9e0     TriangleMeshBuilder.obj
 0003:000009f0       ?minFError@_VecMathTests@aos@shdfnd@physx@@3T__m128@@B 000000018003a9f0     TriangleMeshBuilder.obj
 0003:00000a00       ?maxV4Error@_VecMathTests@aos@shdfnd@physx@@3T__m128@@B 000000018003aa00     TriangleMeshBuilder.obj
 0003:00000a10       ?minV4Error@_VecMathTests@aos@shdfnd@physx@@3T__m128@@B 000000018003aa10     TriangleMeshBuilder.obj
 0003:00000a20       ?minV3Error@_VecMathTests@aos@shdfnd@physx@@3T__m128@@B 000000018003aa20     TriangleMeshBuilder.obj
 0003:00000a30       ?maxFError@_VecMathTests@aos@shdfnd@physx@@3T__m128@@B 000000018003aa30     TriangleMeshBuilder.obj
 0003:00000a40       ?maxV3Error@_VecMathTests@aos@shdfnd@physx@@3T__m128@@B 000000018003aa40     BigConvexDataBuilder.obj
 0003:00000a50       ?minFError@_VecMathTests@aos@shdfnd@physx@@3T__m128@@B 000000018003aa50     BigConvexDataBuilder.obj
 0003:00000a60       ?maxV4Error@_VecMathTests@aos@shdfnd@physx@@3T__m128@@B 000000018003aa60     BigConvexDataBuilder.obj
 0003:00000a70       ?minV4Error@_VecMathTests@aos@shdfnd@physx@@3T__m128@@B 000000018003aa70     BigConvexDataBuilder.obj
 0003:00000a80       ?minV3Error@_VecMathTests@aos@shdfnd@physx@@3T__m128@@B 000000018003aa80     BigConvexDataBuilder.obj
 0003:00000a90       ?maxFError@_VecMathTests@aos@shdfnd@physx@@3T__m128@@B 000000018003aa90     BigConvexDataBuilder.obj
 0003:00000aa0       ?maxV3Error@_VecMathTests@aos@shdfnd@physx@@3T__m128@@B 000000018003aaa0     ConvexHullBuilder.obj
 0003:00000ab0       ?minFError@_VecMathTests@aos@shdfnd@physx@@3T__m128@@B 000000018003aab0     ConvexHullBuilder.obj
 0003:00000ac0       ?maxV4Error@_VecMathTests@aos@shdfnd@physx@@3T__m128@@B 000000018003aac0     ConvexHullBuilder.obj
 0003:00000ad0       ?minV4Error@_VecMathTests@aos@shdfnd@physx@@3T__m128@@B 000000018003aad0     ConvexHullBuilder.obj
 0003:00000ae0       ?minV3Error@_VecMathTests@aos@shdfnd@physx@@3T__m128@@B 000000018003aae0     ConvexHullBuilder.obj
 0003:00000af0       ?maxFError@_VecMathTests@aos@shdfnd@physx@@3T__m128@@B 000000018003aaf0     ConvexHullBuilder.obj
 0003:00000b00       ?maxV3Error@_VecMathTests@aos@shdfnd@physx@@3T__m128@@B 000000018003ab00     ConvexHullUtils.obj
 0003:00000b10       ?minFError@_VecMathTests@aos@shdfnd@physx@@3T__m128@@B 000000018003ab10     ConvexHullUtils.obj
 0003:00000b20       ?maxV4Error@_VecMathTests@aos@shdfnd@physx@@3T__m128@@B 000000018003ab20     ConvexHullUtils.obj
 0003:00000b30       ?minV4Error@_VecMathTests@aos@shdfnd@physx@@3T__m128@@B 000000018003ab30     ConvexHullUtils.obj
 0003:00000b40       ?minV3Error@_VecMathTests@aos@shdfnd@physx@@3T__m128@@B 000000018003ab40     ConvexHullUtils.obj
 0003:00000b50       ?maxFError@_VecMathTests@aos@shdfnd@physx@@3T__m128@@B 000000018003ab50     ConvexHullUtils.obj
 0003:00000b60       ?maxV3Error@_VecMathTests@aos@shdfnd@physx@@3T__m128@@B 000000018003ab60     ConvexMeshBuilder.obj
 0003:00000b70       ?minFError@_VecMathTests@aos@shdfnd@physx@@3T__m128@@B 000000018003ab70     ConvexMeshBuilder.obj
 0003:00000b80       ?maxV4Error@_VecMathTests@aos@shdfnd@physx@@3T__m128@@B 000000018003ab80     ConvexMeshBuilder.obj
 0003:00000b90       ?minV4Error@_VecMathTests@aos@shdfnd@physx@@3T__m128@@B 000000018003ab90     ConvexMeshBuilder.obj
 0003:00000ba0       ?minV3Error@_VecMathTests@aos@shdfnd@physx@@3T__m128@@B 000000018003aba0     ConvexMeshBuilder.obj
 0003:00000bb0       ?maxFError@_VecMathTests@aos@shdfnd@physx@@3T__m128@@B 000000018003abb0     ConvexMeshBuilder.obj
 0003:00000bc0       ?maxV3Error@_VecMathTests@aos@shdfnd@physx@@3T__m128@@B 000000018003abc0     VolumeIntegration.obj
 0003:00000bd0       ?minFError@_VecMathTests@aos@shdfnd@physx@@3T__m128@@B 000000018003abd0     VolumeIntegration.obj
 0003:00000be0       ?maxV4Error@_VecMathTests@aos@shdfnd@physx@@3T__m128@@B 000000018003abe0     VolumeIntegration.obj
 0003:00000bf0       ?minV4Error@_VecMathTests@aos@shdfnd@physx@@3T__m128@@B 000000018003abf0     VolumeIntegration.obj
 0003:00000c00       ?minV3Error@_VecMathTests@aos@shdfnd@physx@@3T__m128@@B 000000018003ac00     VolumeIntegration.obj
 0003:00000c10       ?maxFError@_VecMathTests@aos@shdfnd@physx@@3T__m128@@B 000000018003ac10     VolumeIntegration.obj
 0003:00000c20       ?gCookingDelayLoadHook@@3PEBVPxDelayLoadHook@physx@@EB 000000018003ac20     WindowsCookingDelayLoadHook.obj
 0003:00000c80       ?__proc_attached@@3HA      000000018003ac80     MSVCRT:dll_dllmain.obj
 0003:00000ca8       ?is_initialized_as_dll@@3_NA 000000018003aca8     MSVCRT:utility.obj
 0003:00000ca9       ?module_local_atexit_table_initialized@@3_NA 000000018003aca9     MSVCRT:utility.obj
 0003:00000cb0       ?module_local_atexit_table@@3U_onexit_table_t@@A 000000018003acb0     MSVCRT:utility.obj
 0003:00000cc8       ?module_local_at_quick_exit_table@@3U_onexit_table_t@@A 000000018003acc8     MSVCRT:utility.obj
 0005:00000000       _2il0floatpacket$19        000000018003e000     MSVCRT:svml_ssinf4_sse2.obj
 0005:00002200       _vmlsSinHATab              0000000180040200     MSVCRT:svml_s_sin_cout.obj
 0006:000000a0       $R000000                   00000001800410a0     PhysXCooking.res
 0006:000003d0       $R000330                   00000001800413d0     PhysXCooking.res
